Component: ARM Compiler 5.06 update 4 (build 422) Tool: armlink [4d35d2]

==============================================================================

Section Cross References

    main.o(i.GetSHTDataToGlobParams) refers to _printf_pad.o(.text) for _printf_pre_padding
    main.o(i.GetSHTDataToGlobParams) refers to _printf_percent.o(.ARM.Collect$$_printf_percent$$00000000) for _printf_percent
    main.o(i.GetSHTDataToGlobParams) refers to _printf_f.o(.ARM.Collect$$_printf_percent$$00000003) for _printf_f
    main.o(i.GetSHTDataToGlobParams) refers to printf1.o(x$fpl$printf1) for _printf_fp_dec
    main.o(i.GetSHTDataToGlobParams) refers to sht11.o(i.SHT11_Measure) for SHT11_Measure
    main.o(i.GetSHTDataToGlobParams) refers to sht11.o(i.SHT11_ConReset) for SHT11_ConReset
    main.o(i.GetSHTDataToGlobParams) refers to sht11.o(i.SHT11_Calculate) for SHT11_Calculate
    main.o(i.GetSHTDataToGlobParams) refers to f2d.o(x$fpl$f2d) for __aeabi_f2d
    main.o(i.GetSHTDataToGlobParams) refers to noretval__2sprintf.o(.text) for __2sprintf
    main.o(i.GetSHTDataToGlobParams) refers to oled.o(i.OLED_ShowString) for OLED_ShowString
    main.o(i.GetSHTDataToGlobParams) refers to data_.o(i.getData) for getData
    main.o(i.GetSHTDataToGlobParams) refers to wifi_e103_w02.o(i.getLinkStatus) for getLinkStatus
    main.o(i.GetSHTDataToGlobParams) refers to wifi_e103_w02.o(i.E103_W02_SendData) for E103_W02_SendData
    main.o(i.main) refers to _printf_percent.o(.ARM.Collect$$_printf_percent$$00000000) for _printf_percent
    main.o(i.main) refers to _printf_d.o(.ARM.Collect$$_printf_percent$$00000009) for _printf_d
    main.o(i.main) refers to _printf_dec.o(.text) for _printf_int_dec
    main.o(i.main) refers to misc.o(i.NVIC_PriorityGroupConfig) for NVIC_PriorityGroupConfig
    main.o(i.main) refers to delay.o(i.delay_init) for delay_init
    main.o(i.main) refers to led.o(i.LED_Init) for LED_Init
    main.o(i.main) refers to oled.o(i.OLED_Init) for OLED_Init
    main.o(i.main) refers to delay.o(i.delay_ms) for delay_ms
    main.o(i.main) refers to usb_to_usart.o(i.uart_init) for uart_init
    main.o(i.main) refers to sht11.o(i.SHT11_Config) for SHT11_Config
    main.o(i.main) refers to wifi_e103_w02.o(i.init_E103_w02) for init_E103_w02
    main.o(i.main) refers to data_.o(i.initDataFrame) for initDataFrame
    main.o(i.main) refers to led_display.o(i.LED_DISPLAY_Init) for LED_DISPLAY_Init
    main.o(i.main) refers to oled.o(i.OLED_ShowString) for OLED_ShowString
    main.o(i.main) refers to oled.o(i.OLED_Refresh_Gram) for OLED_Refresh_Gram
    main.o(i.main) refers to led_display.o(i.select) for select
    main.o(i.main) refers to led_display.o(i.show_num) for show_num
    main.o(i.main) refers to key.o(i.KEY_Init) for KEY_Init
    main.o(i.main) refers to data_.o(i.ParseServerData) for ParseServerData
    main.o(i.main) refers to noretval__2sprintf.o(.text) for __2sprintf
    main.o(i.main) refers to usb_to_usart.o(i.SendDataToDevice_a) for SendDataToDevice_a
    main.o(i.main) refers to key.o(i.KEY_Scan) for KEY_Scan
    main.o(i.main) refers to wifi_e103_w02.o(i.link_server) for link_server
    main.o(i.main) refers to main.o(i.GetSHTDataToGlobParams) for GetSHTDataToGlobParams
    main.o(i.main) refers to wifi_e103_w02.o(i.restE103_W02) for restE103_W02
    main.o(i.main) refers to wifi_e103_w02.o(i.getLinkStatus) for getLinkStatus
    main.o(i.main) refers to wifi_e103_w02.o(.data) for WIFI_USART_RX_STA
    main.o(i.main) refers to wifi_e103_w02.o(.bss) for WIFI_USART_RX_BUF
    main.o(i.main) refers to data_.o(.bss) for dataFrame
    system_stm32f4xx.o(i.SystemCoreClockUpdate) refers to system_stm32f4xx.o(.data) for SystemCoreClock
    system_stm32f4xx.o(i.SystemInit) refers to system_stm32f4xx.o(i.SetSysClock) for SetSysClock
    key.o(i.KEY_Init) refers to stm32f4xx_rcc.o(i.RCC_AHB1PeriphClockCmd) for RCC_AHB1PeriphClockCmd
    key.o(i.KEY_Init) refers to stm32f4xx_gpio.o(i.GPIO_Init) for GPIO_Init
    key.o(i.KEY_Scan) refers to stm32f4xx_gpio.o(i.GPIO_ReadInputDataBit) for GPIO_ReadInputDataBit
    key.o(i.KEY_Scan) refers to delay.o(i.delay_ms) for delay_ms
    key.o(i.KEY_Scan) refers to key.o(.data) for key_up
    led.o(i.LED_Init) refers to stm32f4xx_rcc.o(i.RCC_AHB1PeriphClockCmd) for RCC_AHB1PeriphClockCmd
    led.o(i.LED_Init) refers to stm32f4xx_gpio.o(i.GPIO_Init) for GPIO_Init
    led.o(i.LED_Init) refers to stm32f4xx_gpio.o(i.GPIO_SetBits) for GPIO_SetBits
    oled.o(i.OLED_Clear) refers to oled.o(i.OLED_Refresh_Gram) for OLED_Refresh_Gram
    oled.o(i.OLED_Clear) refers to oled.o(.bss) for OLED_GRAM
    oled.o(i.OLED_Display_Off) refers to oled.o(i.OLED_WR_Byte) for OLED_WR_Byte
    oled.o(i.OLED_Display_On) refers to oled.o(i.OLED_WR_Byte) for OLED_WR_Byte
    oled.o(i.OLED_DrawPoint) refers to oled.o(.bss) for OLED_GRAM
    oled.o(i.OLED_Fill) refers to oled.o(i.OLED_DrawPoint) for OLED_DrawPoint
[...]
    ../mathlib/log10.c                       0x00000000   Number         0  log10_x.o ABSOLUTE
    ../mathlib/poly.c                        0x00000000   Number         0  poly.o ABSOLUTE
    ../mathlib/qnan.c                        0x00000000   Number         0  qnan.o ABSOLUTE
    ..\CORE\startup_stm32f40_41xxx.s         0x00000000   Number         0  startup_stm32f40_41xxx.o ABSOLUTE
    ..\FWLIB\src\misc.c                      0x00000000   Number         0  misc.o ABSOLUTE
    ..\FWLIB\src\stm32f4xx_gpio.c            0x00000000   Number         0  stm32f4xx_gpio.o ABSOLUTE
    ..\FWLIB\src\stm32f4xx_rcc.c             0x00000000   Number         0  stm32f4xx_rcc.o ABSOLUTE
    ..\FWLIB\src\stm32f4xx_rtc.c             0x00000000   Number         0  stm32f4xx_rtc.o ABSOLUTE
    ..\FWLIB\src\stm32f4xx_syscfg.c          0x00000000   Number         0  stm32f4xx_syscfg.o ABSOLUTE
    ..\FWLIB\src\stm32f4xx_tim.c             0x00000000   Number         0  stm32f4xx_tim.o ABSOLUTE
    ..\FWLIB\src\stm32f4xx_usart.c           0x00000000   Number         0  stm32f4xx_usart.o ABSOLUTE
    ..\SFHW\KEY\key.c                        0x00000000   Number         0  key.o ABSOLUTE
    ..\SFHW\LED\led.c                        0x00000000   Number         0  led.o ABSOLUTE
    ..\SFHW\LED_DISPLAY\LED_DISPLAY.c        0x00000000   Number         0  led_display.o ABSOLUTE
    ..\SFHW\OLED\oled.c                      0x00000000   Number         0  oled.o ABSOLUTE
    ..\SFHW\SHT11\sht11.c                    0x00000000   Number         0  sht11.o ABSOLUTE
    ..\SFHW\USART\USB_To_Usart.c             0x00000000   Number         0  usb_to_usart.o ABSOLUTE
    ..\SFHW\WIFI\WIFI_E103_W02.c             0x00000000   Number         0  wifi_e103_w02.o ABSOLUTE
    ..\SFLIB\COMMON_USART\CommonUsart.c      0x00000000   Number         0  commonusart.o ABSOLUTE
    ..\SFLIB\Data\Data_.c                    0x00000000   Number         0  data_.o ABSOLUTE
    ..\SFLIB\TIMER\timer.c                   0x00000000   Number         0  timer.o ABSOLUTE
    ..\SFLIB\delay\delay.c                   0x00000000   Number         0  delay.o ABSOLUTE
    ..\SFLIB\sys\sys.c                       0x00000000   Number         0  sys.o ABSOLUTE
    ..\\FWLIB\\src\\misc.c                   0x00000000   Number         0  misc.o ABSOLUTE
    ..\\FWLIB\\src\\stm32f4xx_gpio.c         0x00000000   Number         0  stm32f4xx_gpio.o ABSOLUTE
    ..\\FWLIB\\src\\stm32f4xx_rcc.c          0x00000000   Number         0  stm32f4xx_rcc.o ABSOLUTE
    ..\\FWLIB\\src\\stm32f4xx_rtc.c          0x00000000   Number         0  stm32f4xx_rtc.o ABSOLUTE
    ..\\FWLIB\\src\\stm32f4xx_syscfg.c       0x00000000   Number         0  stm32f4xx_syscfg.o ABSOLUTE
    ..\\FWLIB\\src\\stm32f4xx_tim.c          0x00000000   Number         0  stm32f4xx_tim.o ABSOLUTE
    ..\\FWLIB\\src\\stm32f4xx_usart.c        0x00000000   Number         0  stm32f4xx_usart.o ABSOLUTE
    ..\\SFHW\\KEY\\key.c                     0x00000000   Number         0  key.o ABSOLUTE
    ..\\SFHW\\LED\\led.c                     0x00000000   Number         0  led.o ABSOLUTE
    ..\\SFHW\\LED_DISPLAY\\LED_DISPLAY.c     0x00000000   Number         0  led_display.o ABSOLUTE
    ..\\SFHW\\OLED\\oled.c                   0x00000000   Number         0  oled.o ABSOLUTE
    ..\\SFHW\\SHT11\\sht11.c                 0x00000000   Number         0  sht11.o ABSOLUTE
    ..\\SFHW\\USART\\USB_To_Usart.c          0x00000000   Number         0  usb_to_usart.o ABSOLUTE
    ..\\SFHW\\WIFI\\WIFI_E103_W02.c          0x00000000   Number         0  wifi_e103_w02.o ABSOLUTE
    ..\\SFLIB\\COMMON_USART\\CommonUsart.c   0x00000000   Number         0  commonusart.o ABSOLUTE
    ..\\SFLIB\\Data\\Data_.c                 0x00000000   Number         0  data_.o ABSOLUTE
    ..\\SFLIB\\TIMER\\timer.c                0x00000000   Number         0  timer.o ABSOLUTE
    ..\\SFLIB\\delay\\delay.c                0x00000000   Number         0  delay.o ABSOLUTE
    dc.s                                     0x00000000   Number         0  dc.o ABSOLUTE
    main.c                                   0x00000000   Number         0  main.o ABSOLUTE
    main.c                                   0x00000000   Number         0  main.o ABSOLUTE
    stm32f4xx_it.c                           0x00000000   Number         0  stm32f4xx_it.o ABSOLUTE
    stm32f4xx_it.c                           0x00000000   Number         0  stm32f4xx_it.o ABSOLUTE
    system_stm32f4xx.c                       0x00000000   Number         0  system_stm32f4xx.o ABSOLUTE
    system_stm32f4xx.c                       0x00000000   Number         0  system_stm32f4xx.o ABSOLUTE
    RESET                                    0x08000000   Section      392  startup_stm32f40_41xxx.o(RESET)
    !!!main                                  0x08000188   Section        8  __main.o(!!!main)
    !!!scatter                               0x08000190   Section       52  __scatter.o(!!!scatter)
    !!handler_copy                           0x080001c4   Section       26  __scatter_copy.o(!!handler_copy)
    !!handler_zi                             0x080001e0   Section       28  __scatter_zi.o(!!handler_zi)
    .ARM.Collect$$_printf_percent$$00000000  0x080001fc   Section        0  _printf_percent.o(.ARM.Collect$$_printf_percent$$00000000)
    .ARM.Collect$$_printf_percent$$00000003  0x080001fc   Section        6  _printf_f.o(.ARM.Collect$$_printf_percent$$00000003)
    .ARM.Collect$$_printf_percent$$00000009  0x08000202   Section        6  _printf_d.o(.ARM.Collect$$_printf_percent$$00000009)
    .ARM.Collect$$_printf_percent$$00000017  0x08000208   Section        4  _printf_percent_end.o(.ARM.Collect$$_printf_percent$$00000017)
    .ARM.Collect$$libinit$$00000000          0x0800020c   Section        2  libinit.o(.ARM.Collect$$libinit$$00000000)
    .ARM.Collect$$libinit$$00000001          0x0800020e   Section        4  libinit2.o(.ARM.Collect$$libinit$$00000001)
    .ARM.Collect$$libinit$$00000004          0x08000212   Section        0  libinit2.o(.ARM.Collect$$libinit$$00000004)
    .ARM.Collect$$libinit$$0000000A          0x08000212   Section        0  libinit2.o(.ARM.Collect$$libinit$$0000000A)
    .ARM.Collect$$libinit$$0000000C          0x08000212   Section        0  libinit2.o(.ARM.Collect$$libinit$$0000000C)
    .ARM.Collect$$libinit$$0000000E          0x08000212   Section        0  libinit2.o(.ARM.Collect$$libinit$$0000000E)
    .ARM.Collect$$libinit$$0000000F          0x08000212   Section        6  libinit2.o(.ARM.Collect$$libinit$$0000000F)
    .ARM.Collect$$libinit$$00000011          0x08000218   Section        0  libinit2.o(.ARM.Collect$$libinit$$00000011)
    .ARM.Collect$$libinit$$00000013          0x08000218   Section        0  libinit2.o(.ARM.Collect$$libinit$$00000013)
    .ARM.Collect$$libinit$$00000015          0x08000218   Section        0  libinit2.o(.ARM.Collect$$libinit$$00000015)
    .ARM.Collect$$libinit$$00000016          0x08000218   Section       10  libinit2.o(.ARM.Collect$$libinit$$00000016)
    .ARM.Collect$$libinit$$00000017          0x08000222   Section        0  libinit2.o(.ARM.Collect$$libinit$$00000017)
    .ARM.Collect$$libinit$$00000019          0x08000222   Section        0  libinit2.o(.ARM.Collect$$libinit$$00000019)
    .ARM.Collect$$libinit$$0000001B          0x08000222   Section        0  libinit2.o(.ARM.Collect$$libinit$$0000001B)
    .ARM.Collect$$libinit$$0000001D          0x08000222   Section        0  libinit2.o(.ARM.Collect$$libinit$$0000001D)
    .ARM.Collect$$libinit$$0000001F          0x08000222   Section        0  libinit2.o(.ARM.Collect$$libinit$$0000001F)
    .ARM.Collect$$libinit$$00000021          0x08000222   Section        0  libinit2.o(.ARM.Collect$$libinit$$00000021)
    .ARM.Collect$$libinit$$00000023          0x08000222   Section        0  libinit2.o(.ARM.Collect$$libinit$$00000023)
    .ARM.Collect$$libinit$$00000025          0x08000222   Section        0  libinit2.o(.ARM.Collect$$libinit$$00000025)
    .ARM.Collect$$libinit$$0000002C          0x08000222   Section        0  libinit2.o(.ARM.Collect$$libinit$$0000002C)
    .ARM.Collect$$libinit$$0000002E          0x08000222   Section        0  libinit2.o(.ARM.Collect$$libinit$$0000002E)
    .ARM.Collect$$libinit$$00000030          0x08000222   Section        0  libinit2.o(.ARM.Collect$$libinit$$00000030)
    .ARM.Collect$$libinit$$00000032          0x08000222   Section        0  libinit2.o(.ARM.Collect$$libinit$$00000032)
    .ARM.Collect$$libinit$$00000033          0x08000222   Section        2  libinit2.o(.ARM.Collect$$libinit$$00000033)
    .ARM.Collect$$libshutdown$$00000000      0x08000224   Section        2  libshutdown.o(.ARM.Collect$$libshutdown$$00000000)
    .ARM.Collect$$libshutdown$$00000002      0x08000226   Section        0  libshutdown2.o(.ARM.Collect$$libshutdown$$00000002)
    .ARM.Collect$$libshutdown$$00000004      0x08000226   Section        0  libshutdown2.o(.ARM.Collect$$libshutdown$$00000004)
    .ARM.Collect$$libshutdown$$00000007      0x08000226   Section        0  libshutdown2.o(.ARM.Collect$$libshutdown$$00000007)
    .ARM.Collect$$libshutdown$$0000000A      0x08000226   Section        0  libshutdown2.o(.ARM.Collect$$libshutdown$$0000000A)
    .ARM.Collect$$libshutdown$$0000000C      0x08000226   Section        0  libshutdown2.o(.ARM.Collect$$libshutdown$$0000000C)
    .ARM.Collect$$libshutdown$$0000000F      0x08000226   Section        0  libshutdown2.o(.ARM.Collect$$libshutdown$$0000000F)
    .ARM.Collect$$libshutdown$$00000010      0x08000226   Section        2  libshutdown2.o(.ARM.Collect$$libshutdown$$00000010)
    .ARM.Collect$$rtentry$$00000000          0x08000228   Section        0  __rtentry.o(.ARM.Collect$$rtentry$$00000000)
    .ARM.Collect$$rtentry$$00000002          0x08000228   Section        0  __rtentry2.o(.ARM.Collect$$rtentry$$00000002)
    .ARM.Collect$$rtentry$$00000004          0x08000228   Section        6  __rtentry4.o(.ARM.Collect$$rtentry$$00000004)
    .ARM.Collect$$rtentry$$00000009          0x0800022e   Section        0  __rtentry2.o(.ARM.Collect$$rtentry$$00000009)
    .ARM.Collect$$rtentry$$0000000A          0x0800022e   Section        4  __rtentry2.o(.ARM.Collect$$rtentry$$0000000A)
    .ARM.Collect$$rtentry$$0000000C          0x08000232   Section        0  __rtentry2.o(.ARM.Collect$$rtentry$$0000000C)
    .ARM.Collect$$rtentry$$0000000D          0x08000232   Section        8  __rtentry2.o(.ARM.Collect$$rtentry$$0000000D)
    .ARM.Collect$$rtexit$$00000000           0x0800023a   Section        2  rtexit.o(.ARM.Collect$$rtexit$$00000000)
    .ARM.Collect$$rtexit$$00000002           0x0800023c   Section        0  rtexit2.o(.ARM.Collect$$rtexit$$00000002)
    .ARM.Collect$$rtexit$$00000003           0x0800023c   Section        4  rtexit2.o(.ARM.Collect$$rtexit$$00000003)
    .ARM.Collect$$rtexit$$00000004           0x08000240   Section        6  rtexit2.o(.ARM.Collect$$rtexit$$00000004)
    .text                                    0x08000248   Section       64  startup_stm32f40_41xxx.o(.text)
    $v0                                      0x08000248   Number         0  startup_stm32f40_41xxx.o(.text)
    .text                                    0x08000288   Section        2  use_no_semi_2.o(.text)
    .text                                    0x0800028a   Section       38  llshl.o(.text)
    .text                                    0x080002b0   Section       38  llushr.o(.text)
    .text                                    0x080002d8   Section        0  noretval__2sprintf.o(.text)
    .text                                    0x08000300   Section        0  _printf_pad.o(.text)
    .text                                    0x08000350   Section        0  _printf_dec.o(.text)
    .text                                    0x080003c8   Section        0  __printf_wp.o(.text)
    .text                                    0x080004d6   Section        0  strlen.o(.text)
    .text                                    0x08000514   Section      100  rt_memcpy_w.o(.text)
    .text                                    0x08000578   Section        0  heapauxi.o(.text)
    .text                                    0x0800057e   Section        2  use_no_semi.o(.text)
    .text                                    0x08000580   Section        0  _printf_intcommon.o(.text)
    .text                                    0x08000632   Section        0  _printf_fp_dec.o(.text)
    _fp_digits                               0x08000635   Thumb Code   428  _printf_fp_dec.o(.text)
    .text                                    0x08000a4c   Section        0  _printf_char_common.o(.text)
    _printf_input_char                       0x08000a4d   Thumb Code    10  _printf_char_common.o(.text)
    .text                                    0x08000a7c   Section        0  _sputc.o(.text)
    .text                                    0x08000a88   Section        8  rt_locale_intlibspace.o(.text)
    .text                                    0x08000a90   Section      138  lludiv10.o(.text)
    .text                                    0x08000b1c   Section        0  _printf_fp_infnan.o(.text)
    .text                                    0x08000b9c   Section        0  bigflt0.o(.text)
    .text                                    0x08000c78   Section        8  libspace.o(.text)
    .text                                    0x08000c80   Section       74  sys_stackheap_outer.o(.text)
    .text                                    0x08000cca   Section        0  exit.o(.text)
    .text                                    0x08000cdc   Section      128  strcmpv7m.o(.text)
    CL$$btod_d2e                             0x08000d5c   Section       62  btod.o(CL$$btod_d2e)
    CL$$btod_d2e_denorm_low                  0x08000d9a   Section       70  btod.o(CL$$btod_d2e_denorm_low)
    CL$$btod_d2e_norm_op1                    0x08000de0   Section       96  btod.o(CL$$btod_d2e_norm_op1)
    CL$$btod_div_common                      0x08000e40   Section      824  btod.o(CL$$btod_div_common)
    CL$$btod_e2e                             0x08001178   Section      198  btod.o(CL$$btod_e2e)
    CL$$btod_ediv                            0x0800123e   Section       40  btod.o(CL$$btod_ediv)
    CL$$btod_emul                            0x08001266   Section       40  btod.o(CL$$btod_emul)
    CL$$btod_mult_common                     0x0800128e   Section      580  btod.o(CL$$btod_mult_common)
    i.AT_Exit                                0x080014d4   Section        0  wifi_e103_w02.o(i.AT_Exit)
    i.BusFault_Handler                       0x080014f8   Section        0  stm32f4xx_it.o(i.BusFault_Handler)
    i.COMMON_GPIO_Config                     0x080014fc   Section        0  commonusart.o(i.COMMON_GPIO_Config)
    i.COMMON_NVIC_Config                     0x08001566   Section        0  commonusart.o(i.COMMON_NVIC_Config)
    i.COMMON_RCC_Config                      0x0800158c   Section        0  commonusart.o(i.COMMON_RCC_Config)
    i.COMMON_USART_Config                    0x080015c4   Section        0  commonusart.o(i.COMMON_USART_Config)
    i.COMMON_USART_OUT                       0x08001602   Section        0  commonusart.o(i.COMMON_USART_OUT)
    i.DebugMon_Handler                       0x08001636   Section        0  stm32f4xx_it.o(i.DebugMon_Handler)
    i.E103_W02_SendAT                        0x08001638   Section        0  wifi_e103_w02.o(i.E103_W02_SendAT)
    i.E103_W02_SendData                      0x08001650   Section        0  wifi_e103_w02.o(i.E103_W02_SendData)
    i.GPIO_Init                              0x08001668   Section        0  stm32f4xx_gpio.o(i.GPIO_Init)
    i.GPIO_PinAFConfig                       0x080016f8   Section        0  stm32f4xx_gpio.o(i.GPIO_PinAFConfig)
    i.GPIO_ReadInputDataBit                  0x0800173e   Section        0  stm32f4xx_gpio.o(i.GPIO_ReadInputDataBit)
    i.GPIO_ResetBits                         0x08001750   Section        0  stm32f4xx_gpio.o(i.GPIO_ResetBits)
    i.GPIO_SetBits                           0x08001754   Section        0  stm32f4xx_gpio.o(i.GPIO_SetBits)
    i.GetSHTDataToGlobParams                 0x08001758   Section        0  main.o(i.GetSHTDataToGlobParams)
    i.GetSumCheckNum                         0x08001884   Section        0  data_.o(i.GetSumCheckNum)
    i.HardFault_Handler                      0x0800189c   Section        0  stm32f4xx_it.o(i.HardFault_Handler)
    i.KEY_Init                               0x080018a0   Section        0  key.o(i.KEY_Init)
    i.KEY_Scan                               0x080018e4   Section        0  key.o(i.KEY_Scan)
    i.LED_DISPLAY_Init                       0x080019ac   Section        0  led_display.o(i.LED_DISPLAY_Init)
    i.LED_Init                               0x08001a54   Section        0  led.o(i.LED_Init)
    i.MY_USART5_OUT                          0x08001a94   Section        0  usb_to_usart.o(i.MY_USART5_OUT)
    i.MemManage_Handler                      0x08001ac2   Section        0  stm32f4xx_it.o(i.MemManage_Handler)
    i.NMI_Handler                            0x08001ac6   Section        0  stm32f4xx_it.o(i.NMI_Handler)
    i.NVIC_Init                              0x08001ac8   Section        0  misc.o(i.NVIC_Init)
    i.NVIC_PriorityGroupConfig               0x08001b40   Section        0  misc.o(i.NVIC_PriorityGroupConfig)
    i.OLED_Clear                             0x08001b54   Section        0  oled.o(i.OLED_Clear)
    i.OLED_DrawPoint                         0x08001b84   Section        0  oled.o(i.OLED_DrawPoint)
    i.OLED_Init                              0x08001bec   Section        0  oled.o(i.OLED_Init)
    i.OLED_Refresh_Gram                      0x08001d48   Section        0  oled.o(i.OLED_Refresh_Gram)
    i.OLED_ShowChar                          0x08001d94   Section        0  oled.o(i.OLED_ShowChar)
    i.OLED_ShowString                        0x08001ea0   Section        0  oled.o(i.OLED_ShowString)
    i.OLED_WR_Byte                           0x08001f00   Section        0  oled.o(i.OLED_WR_Byte)
    i.ParseServerData                        0x08001f64   Section        0  data_.o(i.ParseServerData)
    i.PendSV_Handler                         0x08002188   Section        0  stm32f4xx_it.o(i.PendSV_Handler)
    i.RCC_AHB1PeriphClockCmd                 0x0800218c   Section        0  stm32f4xx_rcc.o(i.RCC_AHB1PeriphClockCmd)
    i.RCC_APB1PeriphClockCmd                 0x080021ac   Section        0  stm32f4xx_rcc.o(i.RCC_APB1PeriphClockCmd)
    i.RCC_APB2PeriphClockCmd                 0x080021cc   Section        0  stm32f4xx_rcc.o(i.RCC_APB2PeriphClockCmd)
    i.RCC_GetClocksFreq                      0x080021ec   Section        0  stm32f4xx_rcc.o(i.RCC_GetClocksFreq)
    i.SHT11_Calculate                        0x080022d4   Section        0  sht11.o(i.SHT11_Calculate)
    i.SHT11_ConReset                         0x080023d8   Section        0  sht11.o(i.SHT11_ConReset)
    i.SHT11_Config                           0x08002424   Section        0  sht11.o(i.SHT11_Config)
    i.SHT11_DATAIn                           0x08002478   Section        0  sht11.o(i.SHT11_DATAIn)
    i.SHT11_DATAOut                          0x080024a8   Section        0  sht11.o(i.SHT11_DATAOut)
    i.SHT11_Dly                              0x080024d0   Section        0  sht11.o(i.SHT11_Dly)
    i.SHT11_Measure                          0x080024e0   Section        0  sht11.o(i.SHT11_Measure)
    i.SHT11_ReadByte                         0x0800257c   Section        0  sht11.o(i.SHT11_ReadByte)
    i.SHT11_TransStart                       0x08002608   Section        0  sht11.o(i.SHT11_TransStart)
    i.SHT11_WriteByte                        0x0800267c   Section        0  sht11.o(i.SHT11_WriteByte)
    i.SVC_Handler                            0x08002700   Section        0  stm32f4xx_it.o(i.SVC_Handler)
    i.SendDataToDevice_a                     0x08002704   Section        0  usb_to_usart.o(i.SendDataToDevice_a)
    i.SetSysClock                            0x0800271c   Section        0  system_stm32f4xx.o(i.SetSysClock)
    SetSysClock                              0x0800271d   Thumb Code   220  system_stm32f4xx.o(i.SetSysClock)
    i.SysTick_CLKSourceConfig                0x08002808   Section        0  misc.o(i.SysTick_CLKSourceConfig)
    i.SysTick_Handler                        0x08002830   Section        0  stm32f4xx_it.o(i.SysTick_Handler)
    i.SystemInit                             0x08002834   Section        0  system_stm32f4xx.o(i.SystemInit)
    i.TIM3_IRQHandler                        0x0800289c   Section        0  timer.o(i.TIM3_IRQHandler)
    i.TIM3_Int_Init                          0x080028d0   Section        0  timer.o(i.TIM3_Int_Init)
    i.TIM_ClearITPendingBit                  0x0800292c   Section        0  stm32f4xx_tim.o(i.TIM_ClearITPendingBit)
    i.TIM_Cmd                                0x08002932   Section        0  stm32f4xx_tim.o(i.TIM_Cmd)
    i.TIM_GetITStatus                        0x0800294a   Section        0  stm32f4xx_tim.o(i.TIM_GetITStatus)
    i.TIM_ITConfig                           0x0800296c   Section        0  stm32f4xx_tim.o(i.TIM_ITConfig)
    i.TIM_SetCounter                         0x0800297e   Section        0  stm32f4xx_tim.o(i.TIM_SetCounter)
    i.TIM_TimeBaseInit                       0x08002984   Section        0  stm32f4xx_tim.o(i.TIM_TimeBaseInit)
    i.UART4_IRQHandler                       0x08002a08   Section        0  wifi_e103_w02.o(i.UART4_IRQHandler)
    i.UART5_IRQHandler                       0x08002a7c   Section        0  usb_to_usart.o(i.UART5_IRQHandler)
    i.USART_Cmd                              0x08002b04   Section        0  stm32f4xx_usart.o(i.USART_Cmd)
    i.USART_GetFlagStatus                    0x08002b1c   Section        0  stm32f4xx_usart.o(i.USART_GetFlagStatus)
    i.USART_GetITStatus                      0x08002b36   Section        0  stm32f4xx_usart.o(i.USART_GetITStatus)
    i.USART_ITConfig                         0x08002b8a   Section        0  stm32f4xx_usart.o(i.USART_ITConfig)
    i.USART_Init                             0x08002bd4   Section        0  stm32f4xx_usart.o(i.USART_Init)
    i.USART_ReceiveData                      0x08002ca8   Section        0  stm32f4xx_usart.o(i.USART_ReceiveData)
    i.USART_SendData                         0x08002cb2   Section        0  stm32f4xx_usart.o(i.USART_SendData)
    i.UsageFault_Handler                     0x08002cba   Section        0  stm32f4xx_it.o(i.UsageFault_Handler)
    i.__ARM_fpclassify                       0x08002cbe   Section        0  fpclassify.o(i.__ARM_fpclassify)
    i._is_digit                              0x08002cee   Section        0  __printf_wp.o(i._is_digit)
    i._sys_exit                              0x08002cfc   Section        0  usb_to_usart.o(i._sys_exit)
    i.bigToSmall                             0x08002d02   Section        0  data_.o(i.bigToSmall)
    i.delay_init                             0x08002d28   Section        0  delay.o(i.delay_init)
    i.delay_ms                               0x08002d64   Section        0  delay.o(i.delay_ms)
    i.delay_xms                              0x08002d9c   Section        0  delay.o(i.delay_xms)
    i.getData                                0x08002de8   Section        0  data_.o(i.getData)
    i.getLinkStatus                          0x08002ec0   Section        0  wifi_e103_w02.o(i.getLinkStatus)
    i.initDataFrame                          0x08002ed0   Section        0  data_.o(i.initDataFrame)
    i.init_E103_w02                          0x08002ee4   Section        0  wifi_e103_w02.o(i.init_E103_w02)
    i.initialCOMMON_USART                    0x08003018   Section        0  commonusart.o(i.initialCOMMON_USART)
    i.link_server                            0x08003130   Section        0  wifi_e103_w02.o(i.link_server)
    i.main                                   0x080032b0   Section        0  main.o(i.main)
    i.my_strncmp                             0x080035d8   Section        0  wifi_e103_w02.o(i.my_strncmp)
    i.restE103_W02                           0x08003610   Section        0  wifi_e103_w02.o(i.restE103_W02)
    i.select                                 0x0800370c   Section        0  led_display.o(i.select)
    i.show_num                               0x0800377c   Section        0  led_display.o(i.show_num)
    i.uart_init                              0x080039a8   Section        0  usb_to_usart.o(i.uart_init)
    locale$$code                             0x08003a84   Section       44  lc_numeric_c.o(locale$$code)
    x$fpl$dretinf                            0x08003ab0   Section       12  dretinf.o(x$fpl$dretinf)
    $v0                                      0x08003ab0   Number         0  dretinf.o(x$fpl$dretinf)
    x$fpl$f2d                                0x08003abc   Section       86  f2d.o(x$fpl$f2d)
    $v0                                      0x08003abc   Number         0  f2d.o(x$fpl$f2d)
    x$fpl$fnaninf                            0x08003b12   Section      140  fnaninf.o(x$fpl$fnaninf)
    $v0                                      0x08003b12   Number         0  fnaninf.o(x$fpl$fnaninf)
    x$fpl$fpinit                             0x08003b9e   Section       10  fpinit.o(x$fpl$fpinit)
    $v0                                      0x08003b9e   Number         0  fpinit.o(x$fpl$fpinit)
    x$fpl$printf1                            0x08003ba8   Section        4  printf1.o(x$fpl$printf1)
    $v0                                      0x08003ba8   Number         0  printf1.o(x$fpl$printf1)
    .constdata                               0x08003bac   Section     6080  oled.o(.constdata)
    x$fpl$usenofp                            0x08003bac   Section        0  usenofp.o(x$fpl$usenofp)
    .constdata                               0x0800536c   Section      148  bigflt0.o(.constdata)
    tenpwrs_x                                0x0800536c   Data          60  bigflt0.o(.constdata)
    tenpwrs_i                                0x080053a8   Data          64  bigflt0.o(.constdata)
    .conststring                             0x08005400   Section      346  wifi_e103_w02.o(.conststring)
    locale$$data                             0x0800557c   Section       28  lc_numeric_c.o(locale$$data)
    __lcnum_c_name                           0x08005580   Data           2  lc_numeric_c.o(locale$$data)
    __lcnum_c_start                          0x08005588   Data           0  lc_numeric_c.o(locale$$data)
    __lcnum_c_point                          0x08005594   Data           0  lc_numeric_c.o(locale$$data)
    __lcnum_c_thousands                      0x08005596   Data           0  lc_numeric_c.o(locale$$data)
    __lcnum_c_grouping                       0x08005597   Data           0  lc_numeric_c.o(locale$$data)
    __lcnum_c_end                            0x08005598   Data           0  lc_numeric_c.o(locale$$data)
    .data                                    0x20000000   Section        1  key.o(.data)
    key_up                                   0x20000000   Data           1  key.o(.data)
    .data                                    0x20000004   Section       70  wifi_e103_w02.o(.data)
    .data                                    0x2000004c   Section        6  usb_to_usart.o(.data)
    .data                                    0x20000052   Section        4  delay.o(.data)
    fac_us                                   0x20000052   Data           1  delay.o(.data)
    fac_ms                                   0x20000054   Data           2  delay.o(.data)
    .data                                    0x20000058   Section       12  data_.o(.data)
    .data                                    0x20000064   Section       16  stm32f4xx_rcc.o(.data)
    APBAHBPrescTable                         0x20000064   Data          16  stm32f4xx_rcc.o(.data)
    .bss                                     0x20000074   Section     1024  oled.o(.bss)
    .bss                                     0x20000474   Section      244  wifi_e103_w02.o(.bss)
    .bss                                     0x20000568   Section      200  usb_to_usart.o(.bss)
    .bss                                     0x20000630   Section      168  data_.o(.bss)
    .bss                                     0x200006d8   Section       96  libspace.o(.bss)
    HEAP                                     0x20000738   Section      512  startup_stm32f40_41xxx.o(HEAP)
    Heap_Mem                                 0x20000738   Data         512  startup_stm32f40_41xxx.o(HEAP)
    STACK                                    0x20000938   Section     1024  startup_stm32f40_41xxx.o(STACK)
    Stack_Mem                                0x20000938   Data        1024  startup_stm32f40_41xxx.o(STACK)
    __initial_sp                             0x20000d38   Data           0  startup_stm32f40_41xxx.o(STACK)

    Global Symbols

    Symbol Name                              Value     Ov Type        Size  Object(Section)

    BuildAttributes$$THM_ISAv4$E$P$D$K$B$S$7EM$VFPi3$EXTD16$VFPS$VFMA$PE$A:L22UL41UL21$X:L11$S22US41US21$IEEE1$IW$USESV6$~STKCKD$USESV7$~SHL$OTIME$ROPI$IEEEX$EBA8$UX$STANDARDLIB$REQ8$PRES8$EABIv2 0x00000000   Number         0  anon$$obj.o ABSOLUTE
    __ARM_use_no_argv                        0x00000000   Number         0  main.o ABSOLUTE
    _printf_flags                            0x00000000   Number         0  printf_stubs.o ABSOLUTE
    _printf_return_value                     0x00000000   Number         0  printf_stubs.o ABSOLUTE
    _printf_sizespec                         0x00000000   Number         0  printf_stubs.o ABSOLUTE
    _printf_widthprec                        0x00000000   Number         0  printf_stubs.o ABSOLUTE
    __ARM_exceptions_init                     - Undefined Weak Reference
    __alloca_initialize                       - Undefined Weak Reference
    __arm_preinit_                            - Undefined Weak Reference
    __cpp_initialize__aeabi_                  - Undefined Weak Reference
    __cxa_finalize                            - Undefined Weak Reference
    __sigvec_lookup                           - Undefined Weak Reference
    _atexit_init                              - Undefined Weak Reference
    _call_atexit_fns                          - Undefined Weak Reference
    _clock_init                               - Undefined Weak Reference
    _fp_trap_init                             - Undefined Weak Reference
    _fp_trap_shutdown                         - Undefined Weak Reference
    _get_lc_collate                           - Undefined Weak Reference
    _get_lc_ctype                             - Undefined Weak Reference
    _get_lc_monetary                          - Undefined Weak Reference
    _get_lc_time                              - Undefined Weak Reference
    _getenv_init                              - Undefined Weak Reference
    _handle_redirection                       - Undefined Weak Reference
    _init_alloc                               - Undefined Weak Reference
    _init_user_alloc                          - Undefined Weak Reference
    _initio                                   - Undefined Weak Reference
    _printf_truncate_signed                   - Undefined Weak Reference
    _printf_truncate_unsigned                 - Undefined Weak Reference
    _rand_init                                - Undefined Weak Reference
    _signal_finish                            - Undefined Weak Reference
    _signal_init                              - Undefined Weak Reference
    _terminate_alloc                          - Undefined Weak Reference
    _terminate_user_alloc                     - Undefined Weak Reference
    _terminateio                              - Undefined Weak Reference
    __Vectors_Size                           0x00000188   Number         0  startup_stm32f40_41xxx.o ABSOLUTE
    __Vectors                                0x08000000   Data           4  startup_stm32f40_41xxx.o(RESET)
    __Vectors_End                            0x08000188   Data           0  startup_stm32f40_41xxx.o(RESET)
    __main                                   0x08000189   Thumb Code     8  __main.o(!!!main)
    __scatterload                            0x08000191   Thumb Code     0  __scatter.o(!!!scatter)
    __scatterload_rt2                        0x08000191   Thumb Code    44  __scatter.o(!!!scatter)
    __scatterload_rt2_thumb_only             0x08000191   Thumb Code     0  __scatter.o(!!!scatter)
    __scatterload_null                       0x0800019f   Thumb Code     0  __scatter.o(!!!scatter)
    __scatterload_copy                       0x080001c5   Thumb Code    26  __scatter_copy.o(!!handler_copy)
    __scatterload_zeroinit                   0x080001e1   Thumb Code    28  __scatter_zi.o(!!handler_zi)
    _printf_f                                0x080001fd   Thumb Code     0  _printf_f.o(.ARM.Collect$$_printf_percent$$00000003)
    _printf_percent                          0x080001fd   Thumb Code     0  _printf_percent.o(.ARM.Collect$$_printf_percent$$00000000)
    _printf_d                                0x08000203   Thumb Code     0  _printf_d.o(.ARM.Collect$$_printf_percent$$00000009)
    _printf_percent_end                      0x08000209   Thumb Code     0  _printf_percent_end.o(.ARM.Collect$$_printf_percent$$00000017)
    __rt_lib_init                            0x0800020d   Thumb Code     0  libinit.o(.ARM.Collect$$libinit$$00000000)
    __rt_lib_init_fp_1                       0x0800020f   Thumb Code     0  libinit2.o(.ARM.Collect$$libinit$$00000001)
    __rt_lib_init_heap_1                     0x08000213   Thumb Code     0  libinit2.o(.ARM.Collect$$libinit$$0000000A)
    __rt_lib_init_lc_common                  0x08000213   Thumb Code     0  libinit2.o(.ARM.Collect$$libinit$$0000000F)
    __rt_lib_init_preinit_1                  0x08000213   Thumb Code     0  libinit2.o(.ARM.Collect$$libinit$$00000004)
    __rt_lib_init_rand_1                     0x08000213   Thumb Code     0  libinit2.o(.ARM.Collect$$libinit$$0000000E)
    __rt_lib_init_user_alloc_1               0x08000213   Thumb Code     0  libinit2.o(.ARM.Collect$$libinit$$0000000C)
    __rt_lib_init_lc_collate_1               0x08000219   Thumb Code     0  libinit2.o(.ARM.Collect$$libinit$$00000011)
    __rt_lib_init_lc_ctype_1                 0x08000219   Thumb Code     0  libinit2.o(.ARM.Collect$$libinit$$00000013)
    __rt_lib_init_lc_monetary_1              0x08000219   Thumb Code     0  libinit2.o(.ARM.Collect$$libinit$$00000015)
    __rt_lib_init_lc_numeric_2               0x08000219   Thumb Code     0  libinit2.o(.ARM.Collect$$libinit$$00000016)
    __rt_lib_init_alloca_1                   0x08000223   Thumb Code     0  libinit2.o(.ARM.Collect$$libinit$$0000002E)
    __rt_lib_init_argv_1                     0x08000223   Thumb Code     0  libinit2.o(.ARM.Collect$$libinit$$0000002C)
    __rt_lib_init_atexit_1                   0x08000223   Thumb Code     0  libinit2.o(.ARM.Collect$$libinit$$0000001B)
    __rt_lib_init_clock_1                    0x08000223   Thumb Code     0  libinit2.o(.ARM.Collect$$libinit$$00000021)
    __rt_lib_init_cpp_1                      0x08000223   Thumb Code     0  libinit2.o(.ARM.Collect$$libinit$$00000032)
    __rt_lib_init_exceptions_1               0x08000223   Thumb Code     0  libinit2.o(.ARM.Collect$$libinit$$00000030)
    __rt_lib_init_fp_trap_1                  0x08000223   Thumb Code     0  libinit2.o(.ARM.Collect$$libinit$$0000001F)
    __rt_lib_init_getenv_1                   0x08000223   Thumb Code     0  libinit2.o(.ARM.Collect$$libinit$$00000023)
    __rt_lib_init_lc_numeric_1               0x08000223   Thumb Code     0  libinit2.o(.ARM.Collect$$libinit$$00000017)
    __rt_lib_init_lc_time_1                  0x08000223   Thumb Code     0  libinit2.o(.ARM.Collect$$libinit$$00000019)
    __rt_lib_init_return                     0x08000223   Thumb Code     0  libinit2.o(.ARM.Collect$$libinit$$00000033)
    __rt_lib_init_signal_1                   0x08000223   Thumb Code     0  libinit2.o(.ARM.Collect$$libinit$$0000001D)
    __rt_lib_init_stdio_1                    0x08000223   Thumb Code     0  libinit2.o(.ARM.Collect$$libinit$$00000025)
    __rt_lib_shutdown                        0x08000225   Thumb Code     0  libshutdown.o(.ARM.Collect$$libshutdown$$00000000)
    __rt_lib_shutdown_cpp_1                  0x08000227   Thumb Code     0  libshutdown2.o(.ARM.Collect$$libshutdown$$00000002)
    __rt_lib_shutdown_fp_trap_1              0x08000227   Thumb Code     0  libshutdown2.o(.ARM.Collect$$libshutdown$$00000007)
    __rt_lib_shutdown_heap_1                 0x08000227   Thumb Code     0  libshutdown2.o(.ARM.Collect$$libshutdown$$0000000F)
    __rt_lib_shutdown_return                 0x08000227   Thumb Code     0  libshutdown2.o(.ARM.Collect$$libshutdown$$00000010)
    __rt_lib_shutdown_signal_1               0x08000227   Thumb Code     0  libshutdown2.o(.ARM.Collect$$libshutdown$$0000000A)
    __rt_lib_shutdown_stdio_1                0x08000227   Thumb Code     0  libshutdown2.o(.ARM.Collect$$libshutdown$$00000004)
    __rt_lib_shutdown_user_alloc_1           0x08000227   Thumb Code     0  libshutdown2.o(.ARM.Collect$$libshutdown$$0000000C)
    __rt_entry                               0x08000229   Thumb Code     0  __rtentry.o(.ARM.Collect$$rtentry$$00000000)
    __rt_entry_presh_1                       0x08000229   Thumb Code     0  __rtentry2.o(.ARM.Collect$$rtentry$$00000002)
    __rt_entry_sh                            0x08000229   Thumb Code     0  __rtentry4.o(.ARM.Collect$$rtentry$$00000004)
    __rt_entry_li                            0x0800022f   Thumb Code     0  __rtentry2.o(.ARM.Collect$$rtentry$$0000000A)
    __rt_entry_postsh_1                      0x0800022f   Thumb Code     0  __rtentry2.o(.ARM.Collect$$rtentry$$00000009)
    __rt_entry_main                          0x08000233   Thumb Code     0  __rtentry2.o(.ARM.Collect$$rtentry$$0000000D)
    __rt_entry_postli_1                      0x08000233   Thumb Code     0  __rtentry2.o(.ARM.Collect$$rtentry$$0000000C)
    __rt_exit                                0x0800023b   Thumb Code     0  rtexit.o(.ARM.Collect$$rtexit$$00000000)
    __rt_exit_ls                             0x0800023d   Thumb Code     0  rtexit2.o(.ARM.Collect$$rtexit$$00000003)
    __rt_exit_prels_1                        0x0800023d   Thumb Code     0  rtexit2.o(.ARM.Collect$$rtexit$$00000002)
    __rt_exit_exit                           0x08000241   Thumb Code     0  rtexit2.o(.ARM.Collect$$rtexit$$00000004)
    Reset_Handler                            0x08000249   Thumb Code     8  startup_stm32f40_41xxx.o(.text)
    ADC_IRQHandler                           0x08000263   Thumb Code     0  startup_stm32f40_41xxx.o(.text)
    CAN1_RX0_IRQHandler                      0x08000263   Thumb Code     0  startup_stm32f40_41xxx.o(.text)
    CAN1_RX1_IRQHandler                      0x08000263   Thumb Code     0  startup_stm32f40_41xxx.o(.text)
    CAN1_SCE_IRQHandler                      0x08000263   Thumb Code     0  startup_stm32f40_41xxx.o(.text)
    CAN1_TX_IRQHandler                       0x08000263   Thumb Code     0  startup_stm32f40_41xxx.o(.text)
    CAN2_RX0_IRQHandler                      0x08000263   Thumb Code     0  startup_stm32f40_41xxx.o(.text)
    CAN2_RX1_IRQHandler                      0x08000263   Thumb Code     0  startup_stm32f40_41xxx.o(.text)
    CAN2_SCE_IRQHandler                      0x08000263   Thumb Code     0  startup_stm32f40_41xxx.o(.text)
    CAN2_TX_IRQHandler                       0x08000263   Thumb Code     0  startup_stm32f40_41xxx.o(.text)
    CRYP_IRQHandler                          0x08000263   Thumb Code     0  startup_stm32f40_41xxx.o(.text)
    DCMI_IRQHandler                          0x08000263   Thumb Code     0  startup_stm32f40_41xxx.o(.text)
    DMA1_Stream0_IRQHandler                  0x08000263   Thumb Code     0  startup_stm32f40_41xxx.o(.text)
    DMA1_Stream1_IRQHandler                  0x08000263   Thumb Code     0  startup_stm32f40_41xxx.o(.text)
    DMA1_Stream2_IRQHandler                  0x08000263   Thumb Code     0  startup_stm32f40_41xxx.o(.text)
    DMA1_Stream3_IRQHandler                  0x08000263   Thumb Code     0  startup_stm32f40_41xxx.o(.text)
    DMA1_Stream4_IRQHandler                  0x08000263   Thumb Code     0  startup_stm32f40_41xxx.o(.text)
    DMA1_Stream5_IRQHandler                  0x08000263   Thumb Code     0  startup_stm32f40_41xxx.o(.text)
    DMA1_Stream6_IRQHandler                  0x08000263   Thumb Code     0  startup_stm32f40_41xxx.o(.text)
    DMA1_Stream7_IRQHandler                  0x08000263   Thumb Code     0  startup_stm32f40_41xxx.o(.text)
    DMA2_Stream0_IRQHandler                  0x08000263   Thumb Code     0  startup_stm32f40_41xxx.o(.text)
    DMA2_Stream1_IRQHandler                  0x08000263   Thumb Code     0  startup_stm32f40_41xxx.o(.text)
    DMA2_Stream2_IRQHandler                  0x08000263   Thumb Code     0  startup_stm32f40_41xxx.o(.text)
    DMA2_Stream3_IRQHandler                  0x08000263   Thumb Code     0  startup_stm32f40_41xxx.o(.text)
    DMA2_Stream4_IRQHandler                  0x08000263   Thumb Code     0  startup_stm32f40_41xxx.o(.text)
    DMA2_Stream5_IRQHandler                  0x08000263   Thumb Code     0  startup_stm32f40_41xxx.o(.text)
    DMA2_Stream6_IRQHandler                  0x08000263   Thumb Code     0  startup_stm32f40_41xxx.o(.text)
    DMA2_Stream7_IRQHandler                  0x08000263   Thumb Code     0  startup_stm32f40_41xxx.o(.text)
    ETH_IRQHandler                           0x08000263   Thumb Code     0  startup_stm32f40_41xxx.o(.text)
    ETH_WKUP_IRQHandler                      0x08000263   Thumb Code     0  startup_stm32f40_41xxx.o(.text)
    EXTI0_IRQHandler                         0x08000263   Thumb Code     0  startup_stm32f40_41xxx.o(.text)
    EXTI15_10_IRQHandler                     0x08000263   Thumb Code     0  startup_stm32f40_41xxx.o(.text)
    EXTI1_IRQHandler                         0x08000263   Thumb Code     0  startup_stm32f40_41xxx.o(.text)
    EXTI2_IRQHandler                         0x08000263   Thumb Code     0  startup_stm32f40_41xxx.o(.text)
    EXTI3_IRQHandler                         0x08000263   Thumb Code     0  startup_stm32f40_41xxx.o(.text)
    EXTI4_IRQHandler                         0x08000263   Thumb Code     0  startup_stm32f40_41xxx.o(.text)
    EXTI9_5_IRQHandler                       0x08000263   Thumb Code     0  startup_stm32f40_41xxx.o(.text)
    FLASH_IRQHandler                         0x08000263   Thumb Code     0  startup_stm32f40_41xxx.o(.text)
    FPU_IRQHandler                           0x08000263   Thumb Code     0  startup_stm32f40_41xxx.o(.text)
    FSMC_IRQHandler                          0x08000263   Thumb Code     0  startup_stm32f40_41xxx.o(.text)
    HASH_RNG_IRQHandler                      0x08000263   Thumb Code     0  startup_stm32f40_41xxx.o(.text)
    I2C1_ER_IRQHandler                       0x08000263   Thumb Code     0  startup_stm32f40_41xxx.o(.text)
    I2C1_EV_IRQHandler                       0x08000263   Thumb Code     0  startup_stm32f40_41xxx.o(.text)
    I2C2_ER_IRQHandler                       0x08000263   Thumb Code     0  startup_stm32f40_41xxx.o(.text)
    I2C2_EV_IRQHandler                       0x08000263   Thumb Code     0  startup_stm32f40_41xxx.o(.text)
    I2C3_ER_IRQHandler                       0x08000263   Thumb Code     0  startup_stm32f40_41xxx.o(.text)
    I2C3_EV_IRQHandler                       0x08000263   Thumb Code     0  startup_stm32f40_41xxx.o(.text)
    OTG_FS_IRQHandler                        0x08000263   Thumb Code     0  startup_stm32f40_41xxx.o(.text)
    OTG_FS_WKUP_IRQHandler                   0x08000263   Thumb Code     0  startup_stm32f40_41xxx.o(.text)
    OTG_HS_EP1_IN_IRQHandler                 0x08000263   Thumb Code     0  startup_stm32f40_41xxx.o(.text)
    OTG_HS_EP1_OUT_IRQHandler                0x08000263   Thumb Code     0  startup_stm32f40_41xxx.o(.text)
    OTG_HS_IRQHandler                        0x08000263   Thumb Code     0  startup_stm32f40_41xxx.o(.text)
    OTG_HS_WKUP_IRQHandler                   0x08000263   Thumb Code     0  startup_stm32f40_41xxx.o(.text)
    PVD_IRQHandler                           0x08000263   Thumb Code     0  startup_stm32f40_41xxx.o(.text)
    RCC_IRQHandler                           0x08000263   Thumb Code     0  startup_stm32f40_41xxx.o(.text)
    RTC_Alarm_IRQHandler                     0x08000263   Thumb Code     0  startup_stm32f40_41xxx.o(.text)
    RTC_WKUP_IRQHandler                      0x08000263   Thumb Code     0  startup_stm32f40_41xxx.o(.text)
    SDIO_IRQHandler                          0x08000263   Thumb Code     0  startup_stm32f40_41xxx.o(.text)
    SPI1_IRQHandler                          0x08000263   Thumb Code     0  startup_stm32f40_41xxx.o(.text)
    SPI2_IRQHandler                          0x08000263   Thumb Code     0  startup_stm32f40_41xxx.o(.text)
    SPI3_IRQHandler                          0x08000263   Thumb Code     0  startup_stm32f40_41xxx.o(.text)
    TAMP_STAMP_IRQHandler                    0x08000263   Thumb Code     0  startup_stm32f40_41xxx.o(.text)
    TIM1_BRK_TIM9_IRQHandler                 0x08000263   Thumb Code     0  startup_stm32f40_41xxx.o(.text)
    TIM1_CC_IRQHandler                       0x08000263   Thumb Code     0  startup_stm32f40_41xxx.o(.text)
    TIM1_TRG_COM_TIM11_IRQHandler            0x08000263   Thumb Code     0  startup_stm32f40_41xxx.o(.text)
    TIM1_UP_TIM10_IRQHandler                 0x08000263   Thumb Code     0  startup_stm32f40_41xxx.o(.text)
    TIM2_IRQHandler                          0x08000263   Thumb Code     0  startup_stm32f40_41xxx.o(.text)
    TIM4_IRQHandler                          0x08000263   Thumb Code     0  startup_stm32f40_41xxx.o(.text)
    TIM5_IRQHandler                          0x08000263   Thumb Code     0  startup_stm32f40_41xxx.o(.text)
    TIM6_DAC_IRQHandler                      0x08000263   Thumb Code     0  startup_stm32f40_41xxx.o(.text)
    TIM7_IRQHandler                          0x08000263   Thumb Code     0  startup_stm32f40_41xxx.o(.text)
    TIM8_BRK_TIM12_IRQHandler                0x08000263   Thumb Code     0  startup_stm32f40_41xxx.o(.text)
    TIM8_CC_IRQHandler                       0x08000263   Thumb Code     0  startup_stm32f40_41xxx.o(.text)
    TIM8_TRG_COM_TIM14_IRQHandler            0x08000263   Thumb Code     0  startup_stm32f40_41xxx.o(.text)
    TIM8_UP_TIM13_IRQHandler                 0x08000263   Thumb Code     0  startup_stm32f40_41xxx.o(.text)
    USART1_IRQHandler                        0x08000263   Thumb Code     0  startup_stm32f40_41xxx.o(.text)
    USART2_IRQHandler                        0x08000263   Thumb Code     0  startup_stm32f40_41xxx.o(.text)
    USART3_IRQHandler                        0x08000263   Thumb Code     0  startup_stm32f40_41xxx.o(.text)
    USART6_IRQHandler                        0x08000263   Thumb Code     0  startup_stm32f40_41xxx.o(.text)
    WWDG_IRQHandler                          0x08000263   Thumb Code     0  startup_stm32f40_41xxx.o(.text)
    __user_initial_stackheap                 0x08000265   Thumb Code     0  startup_stm32f40_41xxx.o(.text)
    __use_no_semihosting                     0x08000289   Thumb Code     2  use_no_semi_2.o(.text)
    __aeabi_llsl                             0x0800028b   Thumb Code     0  llshl.o(.text)
    _ll_shift_l                              0x0800028b   Thumb Code    38  llshl.o(.text)
    __aeabi_llsr                             0x080002b1   Thumb Code     0  llushr.o(.text)
    _ll_ushift_r                             0x080002b1   Thumb Code    38  llushr.o(.text)
    __2sprintf                               0x080002d9   Thumb Code    34  noretval__2sprintf.o(.text)
    _printf_pre_padding                      0x08000301   Thumb Code    44  _printf_pad.o(.text)
    _printf_post_padding                     0x0800032d   Thumb Code    34  _printf_pad.o(.text)
    _printf_int_dec                          0x08000351   Thumb Code   104  _printf_dec.o(.text)
    __printf                                 0x080003c9   Thumb Code   270  __printf_wp.o(.text)
    strlen                                   0x080004d7   Thumb Code    62  strlen.o(.text)
    __aeabi_memcpy4                          0x08000515   Thumb Code     0  rt_memcpy_w.o(.text)
    __aeabi_memcpy8                          0x08000515   Thumb Code     0  rt_memcpy_w.o(.text)
    __rt_memcpy_w                            0x08000515   Thumb Code   100  rt_memcpy_w.o(.text)
    _memcpy_lastbytes_aligned                0x0800055d   Thumb Code     0  rt_memcpy_w.o(.text)
    __use_two_region_memory                  0x08000579   Thumb Code     2  heapauxi.o(.text)
    __rt_heap_escrow$2region                 0x0800057b   Thumb Code     2  heapauxi.o(.text)
    __rt_heap_expand$2region                 0x0800057d   Thumb Code     2  heapauxi.o(.text)
    __I$use$semihosting                      0x0800057f   Thumb Code     0  use_no_semi.o(.text)
    __use_no_semihosting_swi                 0x0800057f   Thumb Code     2  use_no_semi.o(.text)
    _printf_int_common                       0x08000581   Thumb Code   178  _printf_intcommon.o(.text)
    __lib_sel_fp_printf                      0x08000633   Thumb Code     2  _printf_fp_dec.o(.text)
    _printf_fp_dec_real                      0x080007e1   Thumb Code   620  _printf_fp_dec.o(.text)
    _printf_char_common                      0x08000a57   Thumb Code    32  _printf_char_common.o(.text)
    _sputc                                   0x08000a7d   Thumb Code    10  _sputc.o(.text)
    __rt_locale                              0x08000a89   Thumb Code     8  rt_locale_intlibspace.o(.text)
    _ll_udiv10                               0x08000a91   Thumb Code   138  lludiv10.o(.text)
    _printf_fp_infnan                        0x08000b1d   Thumb Code   112  _printf_fp_infnan.o(.text)
    _btod_etento                             0x08000b9d   Thumb Code   216  bigflt0.o(.text)
    __user_libspace                          0x08000c79   Thumb Code     8  libspace.o(.text)
    __user_perproc_libspace                  0x08000c79   Thumb Code     0  libspace.o(.text)
    __user_perthread_libspace                0x08000c79   Thumb Code     0  libspace.o(.text)
    __user_setup_stackheap                   0x08000c81   Thumb Code    74  sys_stackheap_outer.o(.text)
    exit                                     0x08000ccb   Thumb Code    18  exit.o(.text)
    strcmp                                   0x08000cdd   Thumb Code   128  strcmpv7m.o(.text)
    _btod_d2e                                0x08000d5d   Thumb Code    62  btod.o(CL$$btod_d2e)
    _d2e_denorm_low                          0x08000d9b   Thumb Code    70  btod.o(CL$$btod_d2e_denorm_low)
    _d2e_norm_op1                            0x08000de1   Thumb Code    96  btod.o(CL$$btod_d2e_norm_op1)
    __btod_div_common                        0x08000e41   Thumb Code   696  btod.o(CL$$btod_div_common)
    _e2e                                     0x08001179   Thumb Code   198  btod.o(CL$$btod_e2e)
    _btod_ediv                               0x0800123f   Thumb Code    40  btod.o(CL$$btod_ediv)
    _btod_emul                               0x08001267   Thumb Code    40  btod.o(CL$$btod_emul)
    __btod_mult_common                       0x0800128f   Thumb Code   580  btod.o(CL$$btod_mult_common)
    AT_Exit                                  0x080014d5   Thumb Code    26  wifi_e103_w02.o(i.AT_Exit)
    BusFault_Handler                         0x080014f9   Thumb Code     4  stm32f4xx_it.o(i.BusFault_Handler)
    COMMON_GPIO_Config                       0x080014fd   Thumb Code   106  commonusart.o(i.COMMON_GPIO_Config)
    COMMON_NVIC_Config                       0x08001567   Thumb Code    38  commonusart.o(i.COMMON_NVIC_Config)
    COMMON_RCC_Config                        0x0800158d   Thumb Code    56  commonusart.o(i.COMMON_RCC_Config)
    COMMON_USART_Config                      0x080015c5   Thumb Code    62  commonusart.o(i.COMMON_USART_Config)
    COMMON_USART_OUT                         0x08001603   Thumb Code    52  commonusart.o(i.COMMON_USART_OUT)
    DebugMon_Handler                         0x08001637   Thumb Code     2  stm32f4xx_it.o(i.DebugMon_Handler)
    E103_W02_SendAT                          0x08001639   Thumb Code    22  wifi_e103_w02.o(i.E103_W02_SendAT)
    E103_W02_SendData                        0x08001651   Thumb Code    20  wifi_e103_w02.o(i.E103_W02_SendData)
    GPIO_Init                                0x08001669   Thumb Code   144  stm32f4xx_gpio.o(i.GPIO_Init)
    GPIO_PinAFConfig                         0x080016f9   Thumb Code    70  stm32f4xx_gpio.o(i.GPIO_PinAFConfig)
    GPIO_ReadInputDataBit                    0x0800173f   Thumb Code    18  stm32f4xx_gpio.o(i.GPIO_ReadInputDataBit)
    GPIO_ResetBits                           0x08001751   Thumb Code     4  stm32f4xx_gpio.o(i.GPIO_ResetBits)
    GPIO_SetBits                             0x08001755   Thumb Code     4  stm32f4xx_gpio.o(i.GPIO_SetBits)
    GetSHTDataToGlobParams                   0x08001759   Thumb Code   270  main.o(i.GetSHTDataToGlobParams)
    GetSumCheckNum                           0x08001885   Thumb Code    24  data_.o(i.GetSumCheckNum)
    HardFault_Handler                        0x0800189d   Thumb Code     4  stm32f4xx_it.o(i.HardFault_Handler)
    KEY_Init                                 0x080018a1   Thumb Code    60  key.o(i.KEY_Init)
    KEY_Scan                                 0x080018e5   Thumb Code   188  key.o(i.KEY_Scan)
    LED_DISPLAY_Init                         0x080019ad   Thumb Code   148  led_display.o(i.LED_DISPLAY_Init)
    LED_Init                                 0x08001a55   Thumb Code    60  led.o(i.LED_Init)
    MY_USART5_OUT                            0x08001a95   Thumb Code    46  usb_to_usart.o(i.MY_USART5_OUT)
    MemManage_Handler                        0x08001ac3   Thumb Code     4  stm32f4xx_it.o(i.MemManage_Handler)
    NMI_Handler                              0x08001ac7   Thumb Code     2  stm32f4xx_it.o(i.NMI_Handler)
    NVIC_Init                                0x08001ac9   Thumb Code   106  misc.o(i.NVIC_Init)
    NVIC_PriorityGroupConfig                 0x08001b41   Thumb Code    10  misc.o(i.NVIC_PriorityGroupConfig)
    OLED_Clear                               0x08001b55   Thumb Code    42  oled.o(i.OLED_Clear)
    OLED_DrawPoint                           0x08001b85   Thumb Code   100  oled.o(i.OLED_DrawPoint)
    OLED_Init                                0x08001bed   Thumb Code   320  oled.o(i.OLED_Init)
    OLED_Refresh_Gram                        0x08001d49   Thumb Code    70  oled.o(i.OLED_Refresh_Gram)
    OLED_ShowChar                            0x08001d95   Thumb Code   254  oled.o(i.OLED_ShowChar)
    OLED_ShowString                          0x08001ea1   Thumb Code    94  oled.o(i.OLED_ShowString)
    OLED_WR_Byte                             0x08001f01   Thumb Code    78  oled.o(i.OLED_WR_Byte)
    ParseServerData                          0x08001f65   Thumb Code   408  data_.o(i.ParseServerData)
    PendSV_Handler                           0x08002189   Thumb Code     2  stm32f4xx_it.o(i.PendSV_Handler)
    RCC_AHB1PeriphClockCmd                   0x0800218d   Thumb Code    26  stm32f4xx_rcc.o(i.RCC_AHB1PeriphClockCmd)
    RCC_APB1PeriphClockCmd                   0x080021ad   Thumb Code    26  stm32f4xx_rcc.o(i.RCC_APB1PeriphClockCmd)
    RCC_APB2PeriphClockCmd                   0x080021cd   Thumb Code    26  stm32f4xx_rcc.o(i.RCC_APB2PeriphClockCmd)
    RCC_GetClocksFreq                        0x080021ed   Thumb Code   214  stm32f4xx_rcc.o(i.RCC_GetClocksFreq)
    SHT11_Calculate                          0x080022d5   Thumb Code   226  sht11.o(i.SHT11_Calculate)
    SHT11_ConReset                           0x080023d9   Thumb Code    72  sht11.o(i.SHT11_ConReset)
    SHT11_Config                             0x08002425   Thumb Code    80  sht11.o(i.SHT11_Config)
    SHT11_DATAIn                             0x08002479   Thumb Code    42  sht11.o(i.SHT11_DATAIn)
    SHT11_DATAOut                            0x080024a9   Thumb Code    36  sht11.o(i.SHT11_DATAOut)
    SHT11_Dly                                0x080024d1   Thumb Code    16  sht11.o(i.SHT11_Dly)
    SHT11_Measure                            0x080024e1   Thumb Code   148  sht11.o(i.SHT11_Measure)
    SHT11_ReadByte                           0x0800257d   Thumb Code   134  sht11.o(i.SHT11_ReadByte)
    SHT11_TransStart                         0x08002609   Thumb Code   112  sht11.o(i.SHT11_TransStart)
    SHT11_WriteByte                          0x0800267d   Thumb Code   128  sht11.o(i.SHT11_WriteByte)
    SVC_Handler                              0x08002701   Thumb Code     2  stm32f4xx_it.o(i.SVC_Handler)
    SendDataToDevice_a                       0x08002705   Thumb Code    18  usb_to_usart.o(i.SendDataToDevice_a)
    SysTick_CLKSourceConfig                  0x08002809   Thumb Code    40  misc.o(i.SysTick_CLKSourceConfig)
    SysTick_Handler                          0x08002831   Thumb Code     2  stm32f4xx_it.o(i.SysTick_Handler)
    SystemInit                               0x08002835   Thumb Code    88  system_stm32f4xx.o(i.SystemInit)
    TIM3_IRQHandler                          0x0800289d   Thumb Code    44  timer.o(i.TIM3_IRQHandler)
    TIM3_Int_Init                            0x080028d1   Thumb Code    88  timer.o(i.TIM3_Int_Init)
    TIM_ClearITPendingBit                    0x0800292d   Thumb Code     6  stm32f4xx_tim.o(i.TIM_ClearITPendingBit)
    TIM_Cmd                                  0x08002933   Thumb Code    24  stm32f4xx_tim.o(i.TIM_Cmd)
    TIM_GetITStatus                          0x0800294b   Thumb Code    34  stm32f4xx_tim.o(i.TIM_GetITStatus)
    TIM_ITConfig                             0x0800296d   Thumb Code    18  stm32f4xx_tim.o(i.TIM_ITConfig)
    TIM_SetCounter                           0x0800297f   Thumb Code     4  stm32f4xx_tim.o(i.TIM_SetCounter)
    TIM_TimeBaseInit                         0x08002985   Thumb Code   104  stm32f4xx_tim.o(i.TIM_TimeBaseInit)
    UART4_IRQHandler                         0x08002a09   Thumb Code    98  wifi_e103_w02.o(i.UART4_IRQHandler)
    UART5_IRQHandler                         0x08002a7d   Thumb Code   122  usb_to_usart.o(i.UART5_IRQHandler)
    USART_Cmd                                0x08002b05   Thumb Code    24  stm32f4xx_usart.o(i.USART_Cmd)
    USART_GetFlagStatus                      0x08002b1d   Thumb Code    26  stm32f4xx_usart.o(i.USART_GetFlagStatus)
    USART_GetITStatus                        0x08002b37   Thumb Code    84  stm32f4xx_usart.o(i.USART_GetITStatus)
    USART_ITConfig                           0x08002b8b   Thumb Code    74  stm32f4xx_usart.o(i.USART_ITConfig)
    USART_Init                               0x08002bd5   Thumb Code   204  stm32f4xx_usart.o(i.USART_Init)
    USART_ReceiveData                        0x08002ca9   Thumb Code    10  stm32f4xx_usart.o(i.USART_ReceiveData)
    USART_SendData                           0x08002cb3   Thumb Code     8  stm32f4xx_usart.o(i.USART_SendData)
    UsageFault_Handler                       0x08002cbb   Thumb Code     4  stm32f4xx_it.o(i.UsageFault_Handler)
    __ARM_fpclassify                         0x08002cbf   Thumb Code    48  fpclassify.o(i.__ARM_fpclassify)
    _is_digit                                0x08002cef   Thumb Code    14  __printf_wp.o(i._is_digit)
    _sys_exit                                0x08002cfd   Thumb Code     6  usb_to_usart.o(i._sys_exit)
    bigToSmall                               0x08002d03   Thumb Code    38  data_.o(i.bigToSmall)
    delay_init                               0x08002d29   Thumb Code    52  delay.o(i.delay_init)
    delay_ms                                 0x08002d65   Thumb Code    56  delay.o(i.delay_ms)
    delay_xms                                0x08002d9d   Thumb Code    72  delay.o(i.delay_xms)
    getData                                  0x08002de9   Thumb Code   206  data_.o(i.getData)
    getLinkStatus                            0x08002ec1   Thumb Code    12  wifi_e103_w02.o(i.getLinkStatus)
    initDataFrame                            0x08002ed1   Thumb Code    10  data_.o(i.initDataFrame)
    init_E103_w02                            0x08002ee5   Thumb Code   282  wifi_e103_w02.o(i.init_E103_w02)
    initialCOMMON_USART                      0x08003019   Thumb Code   278  commonusart.o(i.initialCOMMON_USART)
    link_server                              0x08003131   Thumb Code   334  wifi_e103_w02.o(i.link_server)
    main                                     0x080032b1   Thumb Code   506  main.o(i.main)
    my_strncmp                               0x080035d9   Thumb Code    54  wifi_e103_w02.o(i.my_strncmp)
    restE103_W02                             0x08003611   Thumb Code   218  wifi_e103_w02.o(i.restE103_W02)
    select                                   0x0800370d   Thumb Code   100  led_display.o(i.select)
    show_num                                 0x0800377d   Thumb Code   538  led_display.o(i.show_num)
    uart_init                                0x080039a9   Thumb Code   206  usb_to_usart.o(i.uart_init)
    _get_lc_numeric                          0x08003a85   Thumb Code    44  lc_numeric_c.o(locale$$code)
    __fpl_dretinf                            0x08003ab1   Thumb Code    12  dretinf.o(x$fpl$dretinf)
    __aeabi_f2d                              0x08003abd   Thumb Code     0  f2d.o(x$fpl$f2d)
    _f2d                                     0x08003abd   Thumb Code    86  f2d.o(x$fpl$f2d)
    __fpl_fnaninf                            0x08003b13   Thumb Code   140  fnaninf.o(x$fpl$fnaninf)
    _fp_init                                 0x08003b9f   Thumb Code    10  fpinit.o(x$fpl$fpinit)
    __fplib_config_fpu_vfp                   0x08003ba7   Thumb Code     0  fpinit.o(x$fpl$fpinit)
    __fplib_config_pureend_doubles           0x08003ba7   Thumb Code     0  fpinit.o(x$fpl$fpinit)
    _printf_fp_dec                           0x08003ba9   Thumb Code     4  printf1.o(x$fpl$printf1)
    __I$use$fp                               0x08003bac   Number         0  usenofp.o(x$fpl$usenofp)
    asc2_1206                                0x08003bac   Data        1140  oled.o(.constdata)
    asc2_1608                                0x08004020   Data        1520  oled.o(.constdata)
    asc2_2412                                0x08004610   Data        3420  oled.o(.constdata)
    Region$$Table$$Base                      0x0800555c   Number         0  anon$$obj.o(Region$$Table)
    Region$$Table$$Limit                     0x0800557c   Number         0  anon$$obj.o(Region$$Table)
    E103_W02_AT                              0x20000004   Data           4  wifi_e103_w02.o(.data)
    E103_W02_AT_EXIT                         0x20000008   Data           4  wifi_e103_w02.o(.data)
    E103_W02_STA                             0x2000000c   Data           4  wifi_e103_w02.o(.data)
    E103_W02_SET                             0x20000010   Data           4  wifi_e103_w02.o(.data)
    E103_W02_CLIENT                          0x20000014   Data           4  wifi_e103_w02.o(.data)
    E103_W02_RST                             0x20000018   Data           4  wifi_e103_w02.o(.data)
    E103_W02_APIP                            0x2000001c   Data           4  wifi_e103_w02.o(.data)
    E103_W02_RESTORE                         0x20000020   Data           4  wifi_e103_w02.o(.data)
    E103_W02_CLIENT_                         0x20000024   Data           4  wifi_e103_w02.o(.data)
    E103_W02_VER                             0x20000028   Data           4  wifi_e103_w02.o(.data)
    E103_W02_AT_RES                          0x2000002c   Data           4  wifi_e103_w02.o(.data)
    E103_W02_AT_EXIT_RES                     0x20000030   Data           4  wifi_e103_w02.o(.data)
    E103_W02_STA_RES                         0x20000034   Data           4  wifi_e103_w02.o(.data)
    E103_W02_SET_RES                         0x20000038   Data           4  wifi_e103_w02.o(.data)
    E103_W02_CLIENT_RES                      0x2000003c   Data           4  wifi_e103_w02.o(.data)
    E103_W02_RST_RES                         0x20000040   Data           4  wifi_e103_w02.o(.data)
    E103_W02_RESTORE_RES                     0x20000044   Data           4  wifi_e103_w02.o(.data)
    WIFI_USART_RX_STA                        0x20000048   Data           2  wifi_e103_w02.o(.data)
    __stdout                                 0x2000004c   Data           4  usb_to_usart.o(.data)
    USART_RX_STA                             0x20000050   Data           2  usb_to_usart.o(.data)
    DeviceID                                 0x20000058   Data           8  data_.o(.data)
    UserPwd                                  0x20000060   Data           4  data_.o(.data)
    OLED_GRAM                                0x20000074   Data        1024  oled.o(.bss)
    E103_UsartParamet                        0x20000474   Data          44  wifi_e103_w02.o(.bss)
    WIFI_USART_RX_BUF                        0x200004a0   Data         200  wifi_e103_w02.o(.bss)
    USART_RX_BUF                             0x20000568   Data         200  usb_to_usart.o(.bss)
    dataFrame                                0x20000630   Data         168  data_.o(.bss)
    __libspace_start                         0x200006d8   Data          96  libspace.o(.bss)
    __temporary_stack_top$libspace           0x20000738   Data           0  libspace.o(.bss)



==============================================================================

Memory Map of the image

  Image Entry point : 0x08000189

  Load Region LR_IROM1 (Base: 0x08000000, Size: 0x0000560c, Max: 0x00080000, ABSOLUTE)

    Execution Region ER_IROM1 (Base: 0x08000000, Size: 0x00005598, Max: 0x00080000, ABSOLUTE)

    Base Addr    Size         Type   Attr      Idx    E Section Name        Object

    0x08000000   0x00000188   Data   RO          910    RESET               startup_stm32f40_41xxx.o
    0x08000188   0x00000008   Code   RO         2598  * !!!main             c_w.l(__main.o)
    0x08000190   0x00000034   Code   RO         2896    !!!scatter          c_w.l(__scatter.o)
    0x080001c4   0x0000001a   Code   RO         2898    !!handler_copy      c_w.l(__scatter_copy.o)
    0x080001de   0x00000002   PAD
    0x080001e0   0x0000001c   Code   RO         2900    !!handler_zi        c_w.l(__scatter_zi.o)
    0x080001fc   0x00000000   Code   RO         2591    .ARM.Collect$$_printf_percent$$00000000  c_w.l(_printf_percent.o)
    0x080001fc   0x00000006   Code   RO         2590    .ARM.Collect$$_printf_percent$$00000003  c_w.l(_printf_f.o)
    0x08000202   0x00000006   Code   RO         2589    .ARM.Collect$$_printf_percent$$00000009  c_w.l(_printf_d.o)
    0x08000208   0x00000004   Code   RO         2637    .ARM.Collect$$_printf_percent$$00000017  c_w.l(_printf_percent_end.o)
    0x0800020c   0x00000002   Code   RO         2771    .ARM.Collect$$libinit$$00000000  c_w.l(libinit.o)
    0x0800020e   0x00000004   Code   RO         2772    .ARM.Collect$$libinit$$00000001  c_w.l(libinit2.o)
    0x08000212   0x00000000   Code   RO         2775    .ARM.Collect$$libinit$$00000004  c_w.l(libinit2.o)
    0x08000212   0x00000000   Code   RO         2778    .ARM.Collect$$libinit$$0000000A  c_w.l(libinit2.o)
    0x08000212   0x00000000   Code   RO         2780    .ARM.Collect$$libinit$$0000000C  c_w.l(libinit2.o)
    0x08000212   0x00000000   Code   RO         2782    .ARM.Collect$$libinit$$0000000E  c_w.l(libinit2.o)
    0x08000212   0x00000006   Code   RO         2783    .ARM.Collect$$libinit$$0000000F  c_w.l(libinit2.o)
    0x08000218   0x00000000   Code   RO         2785    .ARM.Collect$$libinit$$00000011  c_w.l(libinit2.o)
    0x08000218   0x00000000   Code   RO         2787    .ARM.Collect$$libinit$$00000013  c_w.l(libinit2.o)
    0x08000218   0x00000000   Code   RO         2789    .ARM.Collect$$libinit$$00000015  c_w.l(libinit2.o)
    0x08000218   0x0000000a   Code   RO         2790    .ARM.Collect$$libinit$$00000016  c_w.l(libinit2.o)
    0x08000222   0x00000000   Code   RO         2791    .ARM.Collect$$libinit$$00000017  c_w.l(libinit2.o)
    0x08000222   0x00000000   Code   RO         2793    .ARM.Collect$$libinit$$00000019  c_w.l(libinit2.o)
    0x08000222   0x00000000   Code   RO         2795    .ARM.Collect$$libinit$$0000001B  c_w.l(libinit2.o)
    0x08000222   0x00000000   Code   RO         2797    .ARM.Collect$$libinit$$0000001D  c_w.l(libinit2.o)
    0x08000222   0x00000000   Code   RO         2799    .ARM.Collect$$libinit$$0000001F  c_w.l(libinit2.o)
    0x08000222   0x00000000   Code   RO         2801    .ARM.Collect$$libinit$$00000021  c_w.l(libinit2.o)
    0x08000222   0x00000000   Code   RO         2803    .ARM.Collect$$libinit$$00000023  c_w.l(libinit2.o)
    0x08000222   0x00000000   Code   RO         2805    .ARM.Collect$$libinit$$00000025  c_w.l(libinit2.o)
    0x08000222   0x00000000   Code   RO         2809    .ARM.Collect$$libinit$$0000002C  c_w.l(libinit2.o)
    0x08000222   0x00000000   Code   RO         2811    .ARM.Collect$$libinit$$0000002E  c_w.l(libinit2.o)
    0x08000222   0x00000000   Code   RO         2813    .ARM.Collect$$libinit$$00000030  c_w.l(libinit2.o)
    0x08000222   0x00000000   Code   RO         2815    .ARM.Collect$$libinit$$00000032  c_w.l(libinit2.o)
    0x08000222   0x00000002   Code   RO         2816    .ARM.Collect$$libinit$$00000033  c_w.l(libinit2.o)
    0x08000224   0x00000002   Code   RO         2846    .ARM.Collect$$libshutdown$$00000000  c_w.l(libshutdown.o)
    0x08000226   0x00000000   Code   RO         2855    .ARM.Collect$$libshutdown$$00000002  c_w.l(libshutdown2.o)
    0x08000226   0x00000000   Code   RO         2857    .ARM.Collect$$libshutdown$$00000004  c_w.l(libshutdown2.o)
    0x08000226   0x00000000   Code   RO         2860    .ARM.Collect$$libshutdown$$00000007  c_w.l(libshutdown2.o)
    0x08000226   0x00000000   Code   RO         2863    .ARM.Collect$$libshutdown$$0000000A  c_w.l(libshutdown2.o)
    0x08000226   0x00000000   Code   RO         2865    .ARM.Collect$$libshutdown$$0000000C  c_w.l(libshutdown2.o)
    0x08000226   0x00000000   Code   RO         2868    .ARM.Collect$$libshutdown$$0000000F  c_w.l(libshutdown2.o)
    0x08000226   0x00000002   Code   RO         2869    .ARM.Collect$$libshutdown$$00000010  c_w.l(libshutdown2.o)
    0x08000228   0x00000000   Code   RO         2626    .ARM.Collect$$rtentry$$00000000  c_w.l(__rtentry.o)
    0x08000228   0x00000000   Code   RO         2686    .ARM.Collect$$rtentry$$00000002  c_w.l(__rtentry2.o)
    0x08000228   0x00000006   Code   RO         2698    .ARM.Collect$$rtentry$$00000004  c_w.l(__rtentry4.o)
    0x0800022e   0x00000000   Code   RO         2688    .ARM.Collect$$rtentry$$00000009  c_w.l(__rtentry2.o)
    0x0800022e   0x00000004   Code   RO         2689    .ARM.Collect$$rtentry$$0000000A  c_w.l(__rtentry2.o)
    0x08000232   0x00000000   Code   RO         2691    .ARM.Collect$$rtentry$$0000000C  c_w.l(__rtentry2.o)
    0x08000232   0x00000008   Code   RO         2692    .ARM.Collect$$rtentry$$0000000D  c_w.l(__rtentry2.o)
    0x0800023a   0x00000002   Code   RO         2819    .ARM.Collect$$rtexit$$00000000  c_w.l(rtexit.o)
    0x0800023c   0x00000000   Code   RO         2826    .ARM.Collect$$rtexit$$00000002  c_w.l(rtexit2.o)
    0x0800023c   0x00000004   Code   RO         2827    .ARM.Collect$$rtexit$$00000003  c_w.l(rtexit2.o)
    0x08000240   0x00000006   Code   RO         2828    .ARM.Collect$$rtexit$$00000004  c_w.l(rtexit2.o)
    0x08000246   0x00000002   PAD
    0x08000248   0x00000040   Code   RO          911    .text               startup_stm32f40_41xxx.o
    0x08000288   0x00000002   Code   RO         2553    .text               c_w.l(use_no_semi_2.o)
    0x0800028a   0x00000026   Code   RO         2555    .text               c_w.l(llshl.o)
    0x080002b0   0x00000026   Code   RO         2557    .text               c_w.l(llushr.o)
    0x080002d6   0x00000002   PAD
    0x080002d8   0x00000028   Code   RO         2561    .text               c_w.l(noretval__2sprintf.o)
    0x08000300   0x0000004e   Code   RO         2565    .text               c_w.l(_printf_pad.o)
    0x0800034e   0x00000002   PAD
    0x08000350   0x00000078   Code   RO         2567    .text               c_w.l(_printf_dec.o)
    0x080003c8   0x0000010e   Code   RO         2577    .text               c_w.l(__printf_wp.o)
    0x080004d6   0x0000003e   Code   RO         2592    .text               c_w.l(strlen.o)
    0x08000514   0x00000064   Code   RO         2594    .text               c_w.l(rt_memcpy_w.o)
    0x08000578   0x00000006   Code   RO         2596    .text               c_w.l(heapauxi.o)
    0x0800057e   0x00000002   Code   RO         2624    .text               c_w.l(use_no_semi.o)
    0x08000580   0x000000b2   Code   RO         2629    .text               c_w.l(_printf_intcommon.o)
    0x08000632   0x0000041a   Code   RO         2631    .text               c_w.l(_printf_fp_dec.o)
    0x08000a4c   0x00000030   Code   RO         2633    .text               c_w.l(_printf_char_common.o)
    0x08000a7c   0x0000000a   Code   RO         2635    .text               c_w.l(_sputc.o)
    0x08000a86   0x00000002   PAD
    0x08000a88   0x00000008   Code   RO         2703    .text               c_w.l(rt_locale_intlibspace.o)
    0x08000a90   0x0000008a   Code   RO         2710    .text               c_w.l(lludiv10.o)
    0x08000b1a   0x00000002   PAD
    0x08000b1c   0x00000080   Code   RO         2712    .text               c_w.l(_printf_fp_infnan.o)
    0x08000b9c   0x000000dc   Code   RO         2716    .text               c_w.l(bigflt0.o)
    0x08000c78   0x00000008   Code   RO         2757    .text               c_w.l(libspace.o)
    0x08000c80   0x0000004a   Code   RO         2760    .text               c_w.l(sys_stackheap_outer.o)
    0x08000cca   0x00000012   Code   RO         2762    .text               c_w.l(exit.o)
    0x08000cdc   0x00000080   Code   RO         2764    .text               c_w.l(strcmpv7m.o)
    0x08000d5c   0x0000003e   Code   RO         2719    CL$$btod_d2e        c_w.l(btod.o)
    0x08000d9a   0x00000046   Code   RO         2721    CL$$btod_d2e_denorm_low  c_w.l(btod.o)
    0x08000de0   0x00000060   Code   RO         2720    CL$$btod_d2e_norm_op1  c_w.l(btod.o)
    0x08000e40   0x00000338   Code   RO         2729    CL$$btod_div_common  c_w.l(btod.o)
    0x08001178   0x000000c6   Code   RO         2726    CL$$btod_e2e        c_w.l(btod.o)
    0x0800123e   0x00000028   Code   RO         2723    CL$$btod_ediv       c_w.l(btod.o)
    0x08001266   0x00000028   Code   RO         2722    CL$$btod_emul       c_w.l(btod.o)
    0x0800128e   0x00000244   Code   RO         2728    CL$$btod_mult_common  c_w.l(btod.o)
    0x080014d2   0x00000002   PAD
    0x080014d4   0x00000024   Code   RO          557    i.AT_Exit           wifi_e103_w02.o
    0x080014f8   0x00000004   Code   RO          179    i.BusFault_Handler  stm32f4xx_it.o
    0x080014fc   0x0000006a   Code   RO          732    i.COMMON_GPIO_Config  commonusart.o
    0x08001566   0x00000026   Code   RO          733    i.COMMON_NVIC_Config  commonusart.o
    0x0800158c   0x00000038   Code   RO          734    i.COMMON_RCC_Config  commonusart.o
    0x080015c4   0x0000003e   Code   RO          735    i.COMMON_USART_Config  commonusart.o
    0x08001602   0x00000034   Code   RO          736    i.COMMON_USART_OUT  commonusart.o
    0x08001636   0x00000002   Code   RO          180    i.DebugMon_Handler  stm32f4xx_it.o
    0x08001638   0x00000016   Code   RO          558    i.E103_W02_SendAT   wifi_e103_w02.o
    0x0800164e   0x00000002   PAD
    0x08001650   0x00000018   Code   RO          559    i.E103_W02_SendData  wifi_e103_w02.o
    0x08001668   0x00000090   Code   RO          962    i.GPIO_Init         stm32f4xx_gpio.o
    0x080016f8   0x00000046   Code   RO          963    i.GPIO_PinAFConfig  stm32f4xx_gpio.o
    0x0800173e   0x00000012   Code   RO          966    i.GPIO_ReadInputDataBit  stm32f4xx_gpio.o
    0x08001750   0x00000004   Code   RO          969    i.GPIO_ResetBits    stm32f4xx_gpio.o
    0x08001754   0x00000004   Code   RO          970    i.GPIO_SetBits      stm32f4xx_gpio.o
    0x08001758   0x0000012c   Code   RO            3    i.GetSHTDataToGlobParams  main.o
    0x08001884   0x00000018   Code   RO          832    i.GetSumCheckNum    data_.o
    0x0800189c   0x00000004   Code   RO          181    i.HardFault_Handler  stm32f4xx_it.o
    0x080018a0   0x00000044   Code   RO          309    i.KEY_Init          key.o
    0x080018e4   0x000000c8   Code   RO          310    i.KEY_Scan          key.o
    0x080019ac   0x000000a8   Code   RO          700    i.LED_DISPLAY_Init  led_display.o
    0x08001a54   0x00000040   Code   RO          336    i.LED_Init          led.o
    0x08001a94   0x0000002e   Code   RO          639    i.MY_USART5_OUT     usb_to_usart.o
    0x08001ac2   0x00000004   Code   RO          182    i.MemManage_Handler  stm32f4xx_it.o
    0x08001ac6   0x00000002   Code   RO          183    i.NMI_Handler       stm32f4xx_it.o
    0x08001ac8   0x00000078   Code   RO          917    i.NVIC_Init         misc.o
    0x08001b40   0x00000014   Code   RO          918    i.NVIC_PriorityGroupConfig  misc.o
    0x08001b54   0x00000030   Code   RO          356    i.OLED_Clear        oled.o
    0x08001b84   0x00000068   Code   RO          359    i.OLED_DrawPoint    oled.o
    0x08001bec   0x0000015c   Code   RO          361    i.OLED_Init         oled.o
    0x08001d48   0x0000004c   Code   RO          362    i.OLED_Refresh_Gram  oled.o
    0x08001d94   0x0000010c   Code   RO          363    i.OLED_ShowChar     oled.o
    0x08001ea0   0x0000005e   Code   RO          365    i.OLED_ShowString   oled.o
    0x08001efe   0x00000002   PAD
    0x08001f00   0x00000064   Code   RO          366    i.OLED_WR_Byte      oled.o
    0x08001f64   0x00000224   Code   RO          833    i.ParseServerData   data_.o
    0x08002188   0x00000002   Code   RO          184    i.PendSV_Handler    stm32f4xx_it.o
    0x0800218a   0x00000002   PAD
    0x0800218c   0x00000020   Code   RO         1059    i.RCC_AHB1PeriphClockCmd  stm32f4xx_rcc.o
    0x080021ac   0x00000020   Code   RO         1068    i.RCC_APB1PeriphClockCmd  stm32f4xx_rcc.o
    0x080021cc   0x00000020   Code   RO         1071    i.RCC_APB2PeriphClockCmd  stm32f4xx_rcc.o
    0x080021ec   0x000000e8   Code   RO         1080    i.RCC_GetClocksFreq  stm32f4xx_rcc.o
    0x080022d4   0x00000104   Code   RO          453    i.SHT11_Calculate   sht11.o
    0x080023d8   0x0000004c   Code   RO          454    i.SHT11_ConReset    sht11.o
    0x08002424   0x00000054   Code   RO          455    i.SHT11_Config      sht11.o
    0x08002478   0x00000030   Code   RO          456    i.SHT11_DATAIn      sht11.o
    0x080024a8   0x00000028   Code   RO          457    i.SHT11_DATAOut     sht11.o
    0x080024d0   0x00000010   Code   RO          458    i.SHT11_Dly         sht11.o
    0x080024e0   0x0000009c   Code   RO          459    i.SHT11_Measure     sht11.o
    0x0800257c   0x0000008c   Code   RO          460    i.SHT11_ReadByte    sht11.o
    0x08002608   0x00000074   Code   RO          463    i.SHT11_TransStart  sht11.o
    0x0800267c   0x00000084   Code   RO          464    i.SHT11_WriteByte   sht11.o
    0x08002700   0x00000002   Code   RO          185    i.SVC_Handler       stm32f4xx_it.o
    0x08002702   0x00000002   PAD
    0x08002704   0x00000018   Code   RO          640    i.SendDataToDevice_a  usb_to_usart.o
    0x0800271c   0x000000ec   Code   RO          272    i.SetSysClock       system_stm32f4xx.o
    0x08002808   0x00000028   Code   RO          921    i.SysTick_CLKSourceConfig  misc.o
    0x08002830   0x00000002   Code   RO          186    i.SysTick_Handler   stm32f4xx_it.o
    0x08002832   0x00000002   PAD
    0x08002834   0x00000068   Code   RO          274    i.SystemInit        system_stm32f4xx.o
    0x0800289c   0x00000034   Code   RO          883    i.TIM3_IRQHandler   timer.o
    0x080028d0   0x0000005c   Code   RO          884    i.TIM3_Int_Init     timer.o
    0x0800292c   0x00000006   Code   RO         1648    i.TIM_ClearITPendingBit  stm32f4xx_tim.o
    0x08002932   0x00000018   Code   RO         1653    i.TIM_Cmd           stm32f4xx_tim.o
    0x0800294a   0x00000022   Code   RO         1674    i.TIM_GetITStatus   stm32f4xx_tim.o
    0x0800296c   0x00000012   Code   RO         1678    i.TIM_ITConfig      stm32f4xx_tim.o
    0x0800297e   0x00000004   Code   RO         1719    i.TIM_SetCounter    stm32f4xx_tim.o
    0x08002982   0x00000002   PAD
    0x08002984   0x00000084   Code   RO         1725    i.TIM_TimeBaseInit  stm32f4xx_tim.o
    0x08002a08   0x00000074   Code   RO          560    i.UART4_IRQHandler  wifi_e103_w02.o
    0x08002a7c   0x00000088   Code   RO          641    i.UART5_IRQHandler  usb_to_usart.o
    0x08002b04   0x00000018   Code   RO         1453    i.USART_Cmd         stm32f4xx_usart.o
    0x08002b1c   0x0000001a   Code   RO         1456    i.USART_GetFlagStatus  stm32f4xx_usart.o
    0x08002b36   0x00000054   Code   RO         1457    i.USART_GetITStatus  stm32f4xx_usart.o
    0x08002b8a   0x0000004a   Code   RO         1459    i.USART_ITConfig    stm32f4xx_usart.o
    0x08002bd4   0x000000d4   Code   RO         1460    i.USART_Init        stm32f4xx_usart.o
    0x08002ca8   0x0000000a   Code   RO         1467    i.USART_ReceiveData  stm32f4xx_usart.o
    0x08002cb2   0x00000008   Code   RO         1470    i.USART_SendData    stm32f4xx_usart.o
    0x08002cba   0x00000004   Code   RO          187    i.UsageFault_Handler  stm32f4xx_it.o
    0x08002cbe   0x00000030   Code   RO         2752    i.__ARM_fpclassify  m_wm.l(fpclassify.o)
    0x08002cee   0x0000000e   Code   RO         2579    i._is_digit         c_w.l(__printf_wp.o)
    0x08002cfc   0x00000006   Code   RO          642    i._sys_exit         usb_to_usart.o
    0x08002d02   0x00000026   Code   RO          834    i.bigToSmall        data_.o
    0x08002d28   0x0000003c   Code   RO          789    i.delay_init        delay.o
    0x08002d64   0x00000038   Code   RO          790    i.delay_ms          delay.o
    0x08002d9c   0x0000004c   Code   RO          792    i.delay_xms         delay.o
    0x08002de8   0x000000d8   Code   RO          835    i.getData           data_.o
    0x08002ec0   0x00000010   Code   RO          561    i.getLinkStatus     wifi_e103_w02.o
    0x08002ed0   0x00000014   Code   RO          836    i.initDataFrame     data_.o
    0x08002ee4   0x00000134   Code   RO          562    i.init_E103_w02     wifi_e103_w02.o
    0x08003018   0x00000116   Code   RO          737    i.initialCOMMON_USART  commonusart.o
    0x0800312e   0x00000002   PAD
    0x08003130   0x00000180   Code   RO          563    i.link_server       wifi_e103_w02.o
    0x080032b0   0x00000328   Code   RO            4    i.main              main.o
    0x080035d8   0x00000036   Code   RO          564    i.my_strncmp        wifi_e103_w02.o
    0x0800360e   0x00000002   PAD
    0x08003610   0x000000fc   Code   RO          565    i.restE103_W02      wifi_e103_w02.o
    0x0800370c   0x00000070   Code   RO          701    i.select            led_display.o
    0x0800377c   0x0000022c   Code   RO          702    i.show_num          led_display.o
    0x080039a8   0x000000dc   Code   RO          644    i.uart_init         usb_to_usart.o
    0x08003a84   0x0000002c   Code   RO         2742    locale$$code        c_w.l(lc_numeric_c.o)
    0x08003ab0   0x0000000c   Code   RO         2650    x$fpl$dretinf       fz_wm.l(dretinf.o)
    0x08003abc   0x00000056   Code   RO         2608    x$fpl$f2d           fz_wm.l(f2d.o)
    0x08003b12   0x0000008c   Code   RO         2652    x$fpl$fnaninf       fz_wm.l(fnaninf.o)
    0x08003b9e   0x0000000a   Code   RO         2823    x$fpl$fpinit        fz_wm.l(fpinit.o)
    0x08003ba8   0x00000004   Code   RO         2610    x$fpl$printf1       fz_wm.l(printf1.o)
    0x08003bac   0x00000000   Code   RO         2656    x$fpl$usenofp       fz_wm.l(usenofp.o)
    0x08003bac   0x000017c0   Data   RO          369    .constdata          oled.o
    0x0800536c   0x00000094   Data   RO         2717    .constdata          c_w.l(bigflt0.o)
    0x08005400   0x0000015a   Data   RO          567    .conststring        wifi_e103_w02.o
    0x0800555a   0x00000002   PAD
    0x0800555c   0x00000020   Data   RO         2894    Region$$Table       anon$$obj.o
    0x0800557c   0x0000001c   Data   RO         2741    locale$$data        c_w.l(lc_numeric_c.o)


    Execution Region RW_IRAM1 (Base: 0x20000000, Size: 0x00000d38, Max: 0x00020000, ABSOLUTE)

    Base Addr    Size         Type   Attr      Idx    E Section Name        Object

    0x20000000   0x00000001   Data   RW          311    .data               key.o
    0x20000001   0x00000003   PAD
    0x20000004   0x00000046   Data   RW          568    .data               wifi_e103_w02.o
    0x2000004a   0x00000002   PAD
    0x2000004c   0x00000006   Data   RW          646    .data               usb_to_usart.o
    0x20000052   0x00000004   Data   RW          793    .data               delay.o
    0x20000056   0x00000002   PAD
    0x20000058   0x0000000c   Data   RW          838    .data               data_.o
    0x20000064   0x00000010   Data   RW         1112    .data               stm32f4xx_rcc.o
    0x20000074   0x00000400   Zero   RW          368    .bss                oled.o
    0x20000474   0x000000f4   Zero   RW          566    .bss                wifi_e103_w02.o
    0x20000568   0x000000c8   Zero   RW          645    .bss                usb_to_usart.o
    0x20000630   0x000000a8   Zero   RW          837    .bss                data_.o
    0x200006d8   0x00000060   Zero   RW         2758    .bss                c_w.l(libspace.o)
    0x20000738   0x00000200   Zero   RW          909    HEAP                startup_stm32f40_41xxx.o
    0x20000938   0x00000400   Zero   RW          908    STACK               startup_stm32f40_41xxx.o


==============================================================================

Image component sizes


      Code (inc. data)   RO Data    RW Data    ZI Data      Debug   Object Name

       592          0          0          0          0       4901   commonusart.o
       846        160          0         12        168       5959   data_.o
       192         12          0          4          0       2316   delay.o
       268         20          0          1          0       1414   key.o
        64          4          0          0          0        615   led.o
       836         60          0          0          0       2323   led_display.o
      1108        332          0          0          0     284224   main.o
       180         24          0          0          0       2433   misc.o
      1038         80       6080          0       1024       6885   oled.o
      1068         74          0          0          0       7595   sht11.o
        64         26        392          0       1536        896   startup_stm32f40_41xxx.o
       240          0          0          0          0       4047   stm32f4xx_gpio.o
        26          0          0          0          0       4862   stm32f4xx_it.o
       328         36          0         16          0       5151   stm32f4xx_rcc.o
       218         28          0          0          0       4839   stm32f4xx_tim.o
       438          8          0          0          0       6177   stm32f4xx_usart.o
       340         32          0          0          0       1737   system_stm32f4xx.o
       144         12          0          0          0       1382   timer.o
       432         34          0          6        200       5760   usb_to_usart.o
      1212        152        346         70        244       9291   wifi_e103_w02.o

    ----------------------------------------------------------------------
      9650       1094       6852        116       3172     362807   Object Totals
         0          0         32          0          0          0   (incl. Generated)
        16          0          2          7          0          0   (incl. Padding)

    ----------------------------------------------------------------------

      Code (inc. data)   RO Data    RW Data    ZI Data      Debug   Library Member Name

         8          0          0          0          0         68   __main.o
       284          0          0          0          0        156   __printf_wp.o
         0          0          0          0          0          0   __rtentry.o
        12          0          0          0          0          0   __rtentry2.o
         6          0          0          0          0          0   __rtentry4.o
        52          8          0          0          0          0   __scatter.o
        26          0          0          0          0          0   __scatter_copy.o
        28          0          0          0          0          0   __scatter_zi.o
        48          6          0          0          0         96   _printf_char_common.o
         6          0          0          0          0          0   _printf_d.o
       120         16          0          0          0         92   _printf_dec.o
         6          0          0          0          0          0   _printf_f.o
      1050          0          0          0          0        216   _printf_fp_dec.o
       128         16          0          0          0         84   _printf_fp_infnan.o
       178          0          0          0          0         88   _printf_intcommon.o
        78          0          0          0          0        108   _printf_pad.o
         0          0          0          0          0          0   _printf_percent.o
         4          0          0          0          0          0   _printf_percent_end.o
        10          0          0          0          0         68   _sputc.o
       220          4        148          0          0         96   bigflt0.o
      1910        128          0          0          0        672   btod.o
        18          0          0          0          0         80   exit.o
         6          0          0          0          0        152   heapauxi.o
        44         10         28          0          0         76   lc_numeric_c.o
         2          0          0          0          0          0   libinit.o
        22          0          0          0          0          0   libinit2.o
         2          0          0          0          0          0   libshutdown.o
         2          0          0          0          0          0   libshutdown2.o
         8          4          0          0         96         68   libspace.o
        38          0          0          0          0         68   llshl.o
       138          0          0          0          0         80   lludiv10.o
        38          0          0          0          0         68   llushr.o
        40          6          0          0          0         84   noretval__2sprintf.o
         8          4          0          0          0         68   rt_locale_intlibspace.o
       100          0          0          0          0         80   rt_memcpy_w.o
         2          0          0          0          0          0   rtexit.o
        10          0          0          0          0          0   rtexit2.o
       128          0          0          0          0         68   strcmpv7m.o
        62          0          0          0          0         76   strlen.o
        74          0          0          0          0         80   sys_stackheap_outer.o
         2          0          0          0          0         68   use_no_semi.o
         2          0          0          0          0         68   use_no_semi_2.o
        12          0          0          0          0        116   dretinf.o
        86          4          0          0          0        132   f2d.o
       140          4          0          0          0        132   fnaninf.o
        10          0          0          0          0        116   fpinit.o
         4          0          0          0          0        116   printf1.o
         0          0          0          0          0          0   usenofp.o
        48          0          0          0          0        124   fpclassify.o

    ----------------------------------------------------------------------
      5234        210        176          0         96       3664   Library Totals
        14          0          0          0          0          0   (incl. Padding)

    ----------------------------------------------------------------------

      Code (inc. data)   RO Data    RW Data    ZI Data      Debug   Library Name

      4920        202        176          0         96       2928   c_w.l
       252          8          0          0          0        612   fz_wm.l
        48          0          0          0          0        124   m_wm.l

    ----------------------------------------------------------------------
      5234        210        176          0         96       3664   Library Totals

    ----------------------------------------------------------------------

==============================================================================


      Code (inc. data)   RO Data    RW Data    ZI Data      Debug   

     14884       1304       7028        116       3268     355859   Grand Totals
     14884       1304       7028        116       3268     355859   ELF Image Totals
     14884       1304       7028        116          0          0   ROM Totals

==============================================================================

    Total RO  Size (Code + RO Data)                21912 (  21.40kB)
    Total RW  Size (RW Data + ZI Data)              3384 (   3.30kB)
    Total ROM Size (Code + RO Data + RW Data)      22028 (  21.51kB)

==============================================================================

